SQL> 
SQL> 
SQL> SET ECHO ON
SQL> SET FEEDBACK ON
SQL> SET NULL '<Null>'
SQL> SET PAGESIZE 999
SQL> SET SERVEROUTPUT ON
SQL> 
SQL> 
SQL> 
SQL> 
SQL> -- ------------------------------------------------------------------
SQL> -- Create SYSTEM_USER table and sequence and seed data.
SQL> -- ------------------------------------------------------------------
SQL> -- Conditionally drop table and sequence.
SQL> BEGIN
  2    FOR i IN (SELECT null FROM user_tables WHERE table_name = 'SYSTEM_USER_LAB') LOOP
  3  	 EXECUTE IMMEDIATE 'DROP TABLE system_user_lab CASCADE CONSTRAINTS';
  4    END LOOP;
  5    FOR i IN (SELECT null FROM user_sequences WHERE sequence_name = 'SYSTEM_USER_LAB_S1') LOOP
  6  	 EXECUTE IMMEDIATE 'DROP SEQUENCE system_user_lab_s1';
  7    END LOOP;
  8  END;
  9  /

PL/SQL procedure successfully completed.

SQL> 
SQL> 
SQL> 
SQL> 
SQL> 
SQL> 
SQL> -- Create table.
SQL> CREATE TABLE system_user_lab
  2  ( system_user_lab_id	   NUMBER
  3  , system_user_name 	   VARCHAR2(20) CONSTRAINT nn_system_lab_user_1 NOT NULL
  4  , system_user_group_id	   NUMBER	CONSTRAINT nn_system_user_lab_2 NOT NULL
  5  , system_user_type 	   NUMBER	CONSTRAINT nn_system_user_lab_3 NOT NULL
  6  , first_name		   VARCHAR2(20)
  7  , middle_name		   VARCHAR2(20)
  8  , last_name		   VARCHAR2(20)
  9  , created_by		   NUMBER	CONSTRAINT nn_system_user_lab_4 NOT NULL
 10  , creation_date		   DATE 	CONSTRAINT nn_system_user_lab_5 NOT NULL
 11  , last_updated_by		   NUMBER	CONSTRAINT nn_system_user_lab_6 NOT NULL
 12  , last_update_date 	   DATE 	CONSTRAINT nn_system_user_lab_7 NOT NULL
 13  , CONSTRAINT pk_system_user_lab_1 PRIMARY KEY(system_user_lab_id));

Table created.

SQL> 
SQL> 
SQL> 
SQL> -- Create sequence.
SQL> CREATE SEQUENCE system_user_lab_s1 START WITH 1001;

Sequence created.

SQL> 
SQL> 
SQL> -- Seed initial record in the SYSTEM_USER table.
SQL> INSERT INTO system_user_lab
  2  ( system_user_lab_id
  3  , system_user_name
  4  , system_user_group_id
  5  , system_user_type
  6  , created_by
  7  , creation_date
  8  , last_updated_by
  9  , last_update_date)
 10  VALUES
 11  ( 1,'SYSADMIN', 1, 1, 1, SYSDATE, 1, SYSDATE);

1 row created.

SQL> 
SQL> 
SQL> -- ------------------------------------------------------------------
SQL> -- Alter SYSTEM_USER table to include self-referencing foreign key constraints.
SQL> -- ------------------------------------------------------------------
SQL> ALTER TABLE system_user_lab
  2  ADD CONSTRAINT fk_system_user_lab_1 FOREIGN KEY(created_by) REFERENCES system_user_lab(system_user_lab_id);

Table altered.

SQL> 
SQL> ALTER TABLE system_user_lab
  2  ADD CONSTRAINT fk_system_user_lab_2 FOREIGN KEY(last_updated_by) REFERENCES system_user_lab(system_user_lab_id);

Table altered.

SQL> 
SQL> 
SQL> -- ------------------------------------------------------------------
SQL> -- Create COMMON_LOOKUP table and sequence and seed data.
SQL> -- ------------------------------------------------------------------
SQL> -- Conditionally drop table and sequence.
SQL> BEGIN
  2    FOR i IN (SELECT null FROM user_tables WHERE table_name = 'COMMON_LOOKUP_LAB') LOOP
  3  	 EXECUTE IMMEDIATE 'DROP TABLE common_lookup_lab CASCADE CONSTRAINTS';
  4    END LOOP;
  5    FOR i IN (SELECT null FROM user_sequences WHERE sequence_name = 'COMMON_LOOKUP_LAB_S1') LOOP
  6  	 EXECUTE IMMEDIATE 'DROP SEQUENCE common_lookup_lab_s1';
  7    END LOOP;
  8  END;
  9  /

PL/SQL procedure successfully completed.

SQL> 
SQL> -- Create table.
SQL> CREATE TABLE common_lookup_lab
  2  ( common_lookup_lab_id	   NUMBER
  3  , common_lookup_context	   VARCHAR2(30) CONSTRAINT nn_clookup_lab_1 NOT NULL
  4  , common_lookup_type	   VARCHAR2(30) CONSTRAINT nn_clookup_lab_2 NOT NULL
  5  , common_lookup_meaning	   VARCHAR2(30) CONSTRAINT nn_clookup_lab_3 NOT NULL
  6  , created_by		   NUMBER	CONSTRAINT nn_clookup_lab_4 NOT NULL
  7  , creation_date		   DATE 	CONSTRAINT nn_clookup_lab_5 NOT NULL
  8  , last_updated_by		   NUMBER	CONSTRAINT nn_clookup_lab_6 NOT NULL
  9  , last_update_date 	   DATE 	CONSTRAINT nn_clookup_lab_7 NOT NULL
 10  , CONSTRAINT pk_c_lookup_lab_1    PRIMARY KEY(common_lookup_lab_id)
 11  , CONSTRAINT fk_c_lookup_lab_1    FOREIGN KEY(created_by) REFERENCES system_user_lab(system_user_lab_id)
 12  , CONSTRAINT fk_c_lookup_lab_2    FOREIGN KEY(last_updated_by) REFERENCES system_user_lab(system_user_lab_id));

Table created.

SQL> 
SQL> 
SQL> -- Create a non-unique index.
SQL> CREATE INDEX common_lookup_lab_n1
  2    ON common_lookup_lab(common_lookup_context);

Index created.

SQL> 
SQL> -- Create a unique index.
SQL> CREATE UNIQUE INDEX common_lookup_lab_u2
  2    ON common_lookup_lab(common_lookup_context,common_lookup_type);

Index created.

SQL> 
SQL> -- Create a sequence.
SQL> CREATE SEQUENCE common_lookup_lab_s1 START WITH 1001;

Sequence created.

SQL> 
SQL> 
SQL> -- Seed the COMMON_LOOKUP table with 18 records.
SQL> INSERT INTO common_lookup_lab VALUES
  2  ( 1,'SYSTEM_USER_LAB','SYSTEM_ADMIN','System Administrator', 1, SYSDATE, 1, SYSDATE);

1 row created.

SQL> 
SQL> INSERT INTO common_lookup_lab VALUES
  2  ( 2,'SYSTEM_USER_LAB','DBA','Database Administrator', 1, SYSDATE, 1, SYSDATE);

1 row created.

SQL> 
SQL> INSERT INTO common_lookup_lab VALUES
  2  ( common_lookup_lab_s1.nextval,'CONTACT','EMPLOYEE','Employee', 1, SYSDATE, 1, SYSDATE);

1 row created.

SQL> 
SQL> INSERT INTO common_lookup_lab VALUES
  2  ( common_lookup_lab_s1.nextval,'CONTACT','CUSTOMER','Customer', 1, SYSDATE, 1, SYSDATE);

1 row created.

SQL> 
SQL> INSERT INTO common_lookup_lab VALUES
  2  ( common_lookup_lab_s1.nextval,'MEMBER','INDIVIDUAL','Individual Membership', 1, SYSDATE, 1, SYSDATE);

1 row created.

SQL> 
SQL> INSERT INTO common_lookup_lab VALUES
  2  ( common_lookup_lab_s1.nextval,'MEMBER','GROUP','Group Membership', 1, SYSDATE, 1, SYSDATE);

1 row created.

SQL> 
SQL> INSERT INTO common_lookup_lab VALUES
  2  ( common_lookup_lab_s1.nextval,'MEMBER','DISCOVER_CARD','Discover Card', 1, SYSDATE, 1, SYSDATE);

1 row created.

SQL> 
SQL> INSERT INTO common_lookup_lab VALUES
  2  ( common_lookup_lab_s1.nextval,'MEMBER','MASTER_CARD','Master Card', 1, SYSDATE, 1, SYSDATE);

1 row created.

SQL> 
SQL> INSERT INTO common_lookup_lab VALUES
  2  ( common_lookup_lab_s1.nextval,'MEMBER','VISA_CARD','VISA Card', 1, SYSDATE, 1, SYSDATE);

1 row created.

SQL> 
SQL> INSERT INTO common_lookup_lab VALUES
  2  ( common_lookup_lab_s1.nextval,'MULTIPLE','HOME','Home', 1, SYSDATE, 1, SYSDATE);

1 row created.

SQL> 
SQL> INSERT INTO common_lookup_lab VALUES
  2  ( common_lookup_lab_s1.nextval,'MULTIPLE','WORK','Work', 1, SYSDATE, 1, SYSDATE);

1 row created.

SQL> 
SQL> INSERT INTO common_lookup_lab VALUES
  2  ( common_lookup_lab_s1.nextval,'ITEM','DVD_FULL_SCREEN','DVD: Full Screen', 1, SYSDATE, 1, SYSDATE);

1 row created.

SQL> 
SQL> INSERT INTO common_lookup_lab VALUES
  2  ( common_lookup_lab_s1.nextval,'ITEM','DVD_WIDE_SCREEN','DVD: Wide Screen', 1, SYSDATE, 1, SYSDATE);

1 row created.

SQL> 
SQL> INSERT INTO common_lookup_lab VALUES
  2  ( common_lookup_lab_s1.nextval,'ITEM','NINTENDO_GAMECUBE','Nintendo GameCube', 1, SYSDATE, 1, SYSDATE);

1 row created.

SQL> 
SQL> INSERT INTO common_lookup_lab VALUES
  2  ( common_lookup_lab_s1.nextval,'ITEM','PLAYSTATION2','PlayStation2', 1, SYSDATE, 1, SYSDATE);

1 row created.

SQL> 
SQL> INSERT INTO common_lookup_lab VALUES
  2  ( common_lookup_lab_s1.nextval,'ITEM','XBOX','XBOX', 1, SYSDATE, 1, SYSDATE);

1 row created.

SQL> 
SQL> INSERT INTO common_lookup_lab VALUES
  2  ( common_lookup_lab_s1.nextval,'ITEM','BLU-RAY','Blu-ray', 1, SYSDATE, 1, SYSDATE);

1 row created.

SQL> 
SQL> 
SQL> 
SQL> -- Add a constraint to the SYSTEM_USER table dependent on the COMMON_LOOKUP table.
SQL> ALTER TABLE system_user_lab
  2  ADD CONSTRAINT fk_system_user_lab_3 FOREIGN KEY(system_user_type)
  3  	 REFERENCES common_lookup_lab(common_lookup_lab_id);

Table altered.

SQL> 
SQL> 
SQL> 
SQL> -- ------------------------------------------------------------------
SQL> -- Create MEMBER table and sequence and seed data.
SQL> -- ------------------------------------------------------------------
SQL> -- Conditionally drop table and sequence.
SQL> BEGIN
  2    FOR i IN (SELECT null FROM user_tables WHERE table_name = 'MEMBER_LAB') LOOP
  3  	 EXECUTE IMMEDIATE 'DROP TABLE member_lab CASCADE CONSTRAINTS';
  4    END LOOP;
  5    FOR i IN (SELECT null FROM user_sequences WHERE sequence_name = 'MEMBER_LAB_S1') LOOP
  6  	 EXECUTE IMMEDIATE 'DROP SEQUENCE member_lab_s1';
  7    END LOOP;
  8  END;
  9  /

PL/SQL procedure successfully completed.

SQL> 
SQL> -- Create table.
SQL> CREATE TABLE member_lab
  2  ( member_lab_id		   NUMBER
  3  , member_type		   NUMBER
  4  , account_number		   VARCHAR2(10) CONSTRAINT nn_member_lab_2 NOT NULL
  5  , credit_card_number	   VARCHAR2(19) CONSTRAINT nn_member_lab_3 NOT NULL
  6  , credit_card_type 	   NUMBER	CONSTRAINT nn_member_lab_4 NOT NULL
  7  , created_by		   NUMBER	CONSTRAINT nn_member_lab_5 NOT NULL
  8  , creation_date		   DATE 	CONSTRAINT nn_member_lab_6 NOT NULL
  9  , last_updated_by		   NUMBER	CONSTRAINT nn_member_lab_7 NOT NULL
 10  , last_update_date 	   DATE 	CONSTRAINT nn_member_lab_8 NOT NULL
 11  , CONSTRAINT pk_member_lab_1      PRIMARY KEY(member_lab_id)
 12  , CONSTRAINT fk_member_lab_1      FOREIGN KEY(member_type) REFERENCES common_lookup_lab(common_lookup_lab_id)
 13  , CONSTRAINT fk_member_lab_2      FOREIGN KEY(credit_card_type) REFERENCES common_lookup_lab(common_lookup_lab_id)
 14  , CONSTRAINT fk_member_lab_3      FOREIGN KEY(created_by) REFERENCES system_user_lab(system_user_lab_id)
 15  , CONSTRAINT fk_member_lab_4      FOREIGN KEY(last_updated_by) REFERENCES system_user_lab(system_user_lab_id));

Table created.

SQL> 
SQL> 
SQL> -- Create a non-unique index.
SQL> CREATE INDEX member_lab_n1 ON member_lab(credit_card_type);

Index created.

SQL> 
SQL> -- Create a sequence.
SQL> CREATE SEQUENCE member_lab_s1 START WITH 1001;

Sequence created.

SQL> 
SQL> -- ------------------------------------------------------------------
SQL> -- Create CONTACT table and sequence and seed data.
SQL> -- ------------------------------------------------------------------
SQL> -- Conditionally drop objects.
SQL> BEGIN
  2    FOR i IN (SELECT null FROM user_tables WHERE table_name = 'CONTACT_LAB') LOOP
  3  	 EXECUTE IMMEDIATE 'DROP TABLE contact_lab CASCADE CONSTRAINTS';
  4    END LOOP;
  5    FOR i IN (SELECT null FROM user_sequences WHERE sequence_name = 'CONTACT_LAB_S1') LOOP
  6  	 EXECUTE IMMEDIATE 'DROP SEQUENCE contact_lab_s1';
  7    END LOOP;
  8  END;
  9  /

PL/SQL procedure successfully completed.

SQL> 
SQL> 
SQL> -- Create table.
SQL> CREATE TABLE contact_lab
  2  ( contact_lab_id		   NUMBER
  3  , member_lab_id		   NUMBER	CONSTRAINT nn_contact_lab_1 NOT NULL
  4  , contact_type		   NUMBER	CONSTRAINT nn_contact_lab_2 NOT NULL
  5  , first_name		   VARCHAR2(20) CONSTRAINT nn_contact_lab_3 NOT NULL
  6  , middle_name		   VARCHAR2(20)
  7  , last_name		   VARCHAR2(20) CONSTRAINT nn_contact_lab_4 NOT NULL
  8  , created_by		   NUMBER	CONSTRAINT nn_contact_lab_5 NOT NULL
  9  , creation_date		   DATE 	CONSTRAINT nn_contact_lab_6 NOT NULL
 10  , last_updated_by		   NUMBER	CONSTRAINT nn_contact_lab_7 NOT NULL
 11  , last_update_date 	   DATE 	CONSTRAINT nn_contact_lab_8 NOT NULL
 12  , CONSTRAINT pk_contact_lab_1     PRIMARY KEY(contact_lab_id)
 13  , CONSTRAINT fk_contact_lab_1     FOREIGN KEY(member_lab_id) REFERENCES member_lab(member_lab_id)
 14  , CONSTRAINT fk_contact_lab_2     FOREIGN KEY(contact_type) REFERENCES common_lookup_lab(common_lookup_lab_id)
 15  , CONSTRAINT fk_contact_lab_3     FOREIGN KEY(created_by) REFERENCES system_user_lab(system_user_lab_id)
 16  , CONSTRAINT fk_contact_lab_4     FOREIGN KEY(last_updated_by) REFERENCES system_user_lab(system_user_lab_id));

Table created.

SQL> 
SQL> 
SQL> -- Create non-unique index.
SQL> CREATE INDEX contact_lab_n1 ON contact_lab(member_lab_id);

Index created.

SQL> CREATE INDEX contact_lab_n2 ON contact_lab(contact_type);

Index created.

SQL> 
SQL> -- Create sequence.
SQL> CREATE SEQUENCE contact_lab_s1 START WITH 1001;

Sequence created.

SQL> 
SQL> -- ------------------------------------------------------------------
SQL> -- Create ADDRESS table and sequence.
SQL> -- ------------------------------------------------------------------
SQL> -- Conditionally drop objects.
SQL> BEGIN
  2    FOR i IN (SELECT null FROM user_tables WHERE table_name = 'ADDRESS_LAB') LOOP
  3  	 EXECUTE IMMEDIATE 'DROP TABLE address_lab CASCADE CONSTRAINTS';
  4    END LOOP;
  5    FOR i IN (SELECT null FROM user_sequences WHERE sequence_name = 'ADDRESS_LAB_S1') LOOP
  6  	 EXECUTE IMMEDIATE 'DROP SEQUENCE address_lab_s1';
  7    END LOOP;
  8  END;
  9  /

PL/SQL procedure successfully completed.

SQL> 
SQL> -- Create table.
SQL> CREATE TABLE address_lab
  2  ( address_lab_id		       NUMBER
  3  , contact_lab_id		       NUMBER	    CONSTRAINT nn_address_lab_1 NOT NULL
  4  , address_type		   NUMBER	CONSTRAINT nn_address_lab_2 NOT NULL
  5  , city			   VARCHAR2(30) CONSTRAINT nn_address_lab_3 NOT NULL
  6  , state_province		   VARCHAR2(30) CONSTRAINT nn_address_lab_4 NOT NULL
  7  , postal_code		   VARCHAR2(20) CONSTRAINT nn_address_lab_5 NOT NULL
  8  , created_by		   NUMBER	CONSTRAINT nn_address_lab_6 NOT NULL
  9  , creation_date		   DATE 	CONSTRAINT nn_address_lab_7 NOT NULL
 10  , last_updated_by		   NUMBER	CONSTRAINT nn_address_lab_8 NOT NULL
 11  , last_update_date 	   DATE 	CONSTRAINT nn_address_lab_9 NOT NULL
 12  , CONSTRAINT pk_address_lab_1     PRIMARY KEY(address_lab_id)
 13  , CONSTRAINT fk_address_lab_1     FOREIGN KEY(contact_lab_id) REFERENCES contact_lab(contact_lab_id)
 14  , CONSTRAINT fk_address_lab_2     FOREIGN KEY(address_type) REFERENCES common_lookup_lab(common_lookup_lab_id)
 15  , CONSTRAINT fk_address_lab_3     FOREIGN KEY(created_by) REFERENCES system_user_lab(system_user_lab_id)
 16  , CONSTRAINT fk_address_lab_4     FOREIGN KEY(last_updated_by) REFERENCES system_user_lab(system_user_lab_id));

Table created.

SQL> 
SQL> -- Create a non-unique index.
SQL> CREATE INDEX address_lab_n1 ON address_lab(contact_lab_id);

Index created.

SQL> CREATE INDEX address_lab_n2 ON address_lab(address_type);

Index created.

SQL> 
SQL> -- Create a sequence.
SQL> CREATE SEQUENCE address_lab_s1 START WITH 1001;

Sequence created.

SQL> 
SQL> -- ------------------------------------------------------------------
SQL> -- Create STREET_ADDRESS table and sequence.
SQL> -- ------------------------------------------------------------------
SQL> -- Conditionally drop table and sequence.
SQL> BEGIN
  2    FOR i IN (SELECT null FROM user_tables WHERE table_name = 'STREET_ADDRESS_LAB') LOOP
  3  	 EXECUTE IMMEDIATE 'DROP TABLE street_address_lab CASCADE CONSTRAINTS';
  4    END LOOP;
  5    FOR i IN (SELECT null FROM user_sequences WHERE sequence_name = 'STREET_ADDRESS_S1_LAB') LOOP
  6  	 EXECUTE IMMEDIATE 'DROP SEQUENCE street_address_lab_s1';
  7    END LOOP;
  8  END;
  9  /

PL/SQL procedure successfully completed.

SQL> 
SQL> -- Create table.
SQL> CREATE TABLE street_address_lab
  2  ( street_address_lab_id	       NUMBER
  3  , address_lab_id		       NUMBER	    CONSTRAINT nn_saddress_lab_1 NOT NULL
  4  , street_address		   VARCHAR2(30) CONSTRAINT nn_saddress_lab_2 NOT NULL
  5  , created_by		   NUMBER	CONSTRAINT nn_saddress_lab_3 NOT NULL
  6  , creation_date		   DATE 	CONSTRAINT nn_saddress_lab_4 NOT NULL
  7  , last_updated_by		   NUMBER	CONSTRAINT nn_saddress_lab_5 NOT NULL
  8  , last_update_date 	   DATE 	CONSTRAINT nn_saddress_lab_6 NOT NULL
  9  , CONSTRAINT pk_s_address_lab_1   PRIMARY KEY(street_address_lab_id)
 10  , CONSTRAINT fk_s_address_lab_1   FOREIGN KEY(address_lab_id) REFERENCES address_lab(address_lab_id)
 11  , CONSTRAINT fk_s_address_lab_3   FOREIGN KEY(created_by) REFERENCES system_user_lab(system_user_lab_id)
 12  , CONSTRAINT fk_s_address_lab_4   FOREIGN KEY(last_updated_by) REFERENCES system_user_lab(system_user_lab_id));

Table created.

SQL> 
SQL> -- Create sequence.
SQL> CREATE SEQUENCE street_address_lab_s1 START WITH 1001;

Sequence created.

SQL> 
SQL> 
SQL> 
SQL> -- ------------------------------------------------------------------
SQL> -- Create TELEPHONE table and sequence.
SQL> -- ------------------------------------------------------------------
SQL> -- Conditionally drop table and sequence.
SQL> BEGIN
  2    FOR i IN (SELECT null FROM user_tables WHERE table_name = 'TELEPHONE_LAB') LOOP
  3  	 EXECUTE IMMEDIATE 'DROP TABLE telephone_lab CASCADE CONSTRAINTS';
  4    END LOOP;
  5    FOR i IN (SELECT null FROM user_sequences WHERE sequence_name = 'TELEPHONE_LAB_S1') LOOP
  6  	 EXECUTE IMMEDIATE 'DROP SEQUENCE telephone_lab_s1';
  7    END LOOP;
  8  END;
  9  /

PL/SQL procedure successfully completed.

SQL> 
SQL> -- Create table.
SQL> CREATE TABLE telephone_lab
  2  ( telephone_lab_id 	       NUMBER
  3  , contact_lab_id		       NUMBER	    CONSTRAINT nn_telephone_lab_1 NOT NULL
  4  , address_lab_id		       NUMBER
  5  , telephone_type		   NUMBER	CONSTRAINT nn_telephone_lab_2 NOT NULL
  6  , country_code		   VARCHAR2(3)	CONSTRAINT nn_telephone_lab_3 NOT NULL
  7  , area_code		   VARCHAR2(6)	CONSTRAINT nn_telephone_lab_4 NOT NULL
  8  , telephone_number 	   VARCHAR2(10) CONSTRAINT nn_telephone_lab_5 NOT NULL
  9  , created_by		   NUMBER	CONSTRAINT nn_telephone_lab_6 NOT NULL
 10  , creation_date		   DATE 	CONSTRAINT nn_telephone_lab_7 NOT NULL
 11  , last_updated_by		   NUMBER	CONSTRAINT nn_telephone_lab_8 NOT NULL
 12  , last_update_date 	   DATE 	CONSTRAINT nn_telephone_lab_9 NOT NULL
 13  , CONSTRAINT pk_telephone_lab_1   PRIMARY KEY(telephone_lab_id)
 14  , CONSTRAINT fk_telephone_lab_1   FOREIGN KEY(contact_lab_id) REFERENCES contact_lab(contact_lab_id)
 15  , CONSTRAINT fk_telephone_lab_2   FOREIGN KEY(telephone_type) REFERENCES common_lookup_lab(common_lookup_lab_id)
 16  , CONSTRAINT fk_telephone_lab_3   FOREIGN KEY(created_by) REFERENCES system_user_lab(system_user_lab_id)
 17  , CONSTRAINT fk_telephone_lab_4   FOREIGN KEY(last_updated_by) REFERENCES system_user_lab(system_user_lab_id));

Table created.

SQL> 
SQL> -- Create non-unique indexes.
SQL> CREATE INDEX telephone_lab_n1 ON telephone_lab(contact_lab_id,address_lab_id);

Index created.

SQL> CREATE INDEX telephone_lab_n2 ON telephone_lab(address_lab_id);

Index created.

SQL> CREATE INDEX telephone_lab_n3 ON telephone_lab(telephone_type);

Index created.

SQL> 
SQL> -- Create sequence.
SQL> CREATE SEQUENCE telephone_lab_s1 START WITH 1001;

Sequence created.

SQL> 
SQL> 
SQL> -- ------------------------------------------------------------------
SQL> -- Create RENTAL table and sequence.
SQL> -- ------------------------------------------------------------------
SQL> -- Conditionally drop table and sequence.
SQL> BEGIN
  2    FOR i IN (SELECT null FROM user_tables WHERE table_name = 'RENTAL_LAB') LOOP
  3  	 EXECUTE IMMEDIATE 'DROP TABLE rental_lab CASCADE CONSTRAINTS';
  4    END LOOP;
  5    FOR i IN (SELECT null FROM user_sequences WHERE sequence_name = 'RENTAL_LAB_S1') LOOP
  6  	 EXECUTE IMMEDIATE 'DROP SEQUENCE rental_lab_s1';
  7    END LOOP;
  8  END;
  9  /

PL/SQL procedure successfully completed.

SQL> 
SQL> 
SQL> -- Create table.
SQL> CREATE TABLE rental_lab
  2  ( rental_lab_id		   NUMBER
  3  , customer_id		   NUMBER CONSTRAINT nn_rental_lab_1 NOT NULL
  4  , check_out_date		   DATE   CONSTRAINT nn_rental_lab_2 NOT NULL
  5  , return_date		   DATE   CONSTRAINT nn_rental_lab_3 NOT NULL
  6  , created_by		   NUMBER CONSTRAINT nn_rental_lab_4 NOT NULL
  7  , creation_date		   DATE   CONSTRAINT nn_rental_lab_5 NOT NULL
  8  , last_updated_by		   NUMBER CONSTRAINT nn_rental_lab_6 NOT NULL
  9  , last_update_date 	   DATE   CONSTRAINT nn_rental_lab_7 NOT NULL
 10  , CONSTRAINT pk_rental_item_lab_1 PRIMARY KEY(rental_item_lab_id)
 11  , CONSTRAINT fk_rental_item_lab_1 FOREIGN KEY(rental_lab_id) REFERENCES rental(rental_lab_id)
 12  , CONSTRAINT fk_rental_item_lab_2 FOREIGN KEY(item_lab_id) REFERENCES item_lab(item_lab_id)
 13  , CONSTRAINT fk_rental_item_lab_3 FOREIGN KEY(created_by) REFERENCES system_user_lab(system_user_lab_id)
 14  , CONSTRAINT fk_rental_item_lab_4 FOREIGN KEY(last_updated_by) REFERENCES system_user_lab(system_user_lab_id));
, CONSTRAINT pk_rental_item_lab_1 PRIMARY KEY(rental_item_lab_id)
                                              *
ERROR at line 10:
ORA-00904: "RENTAL_ITEM_LAB_ID": invalid identifier 


SQL> 
SQL> 
SQL> -- Create a sequence.
SQL> CREATE SEQUENCE rental_lab_s1 START WITH 1001;

Sequence created.

SQL> 
SQL> -- ------------------------------------------------------------------
SQL> -- Create ITEM table and sequence.
SQL> -- ------------------------------------------------------------------
SQL> -- Conditionally drop objects.
SQL> BEGIN
  2    FOR i IN (SELECT null FROM user_tables WHERE table_name = 'ITEM_LAB') LOOP
  3  	 EXECUTE IMMEDIATE 'DROP TABLE item_lab CASCADE CONSTRAINTS';
  4    END LOOP;
  5    FOR i IN (SELECT null FROM user_sequences WHERE sequence_name = 'ITEM_LAB_S1') LOOP
  6  	 EXECUTE IMMEDIATE 'DROP SEQUENCE item_lab_s1';
  7    END LOOP;
  8  END;
  9  /

PL/SQL procedure successfully completed.

SQL> 
SQL> -- Create a table.
SQL> CREATE TABLE item_lab
  2  ( item_lab_id		       NUMBER
  3  , item_barcode		   VARCHAR2(14) CONSTRAINT nn_item_lab_1 NOT NULL
  4  , item_type		   NUMBER	CONSTRAINT nn_item_lab_2 NOT NULL
  5  , item_title		   VARCHAR2(60) CONSTRAINT nn_item_lab_3 NOT NULL
  6  , item_subtitle		   VARCHAR2(60)
  7  , item_rating		   VARCHAR2(8)	CONSTRAINT nn_item_lab_4 NOT NULL
  8  , item_release_date	   DATE 	CONSTRAINT nn_item_lab_5 NOT NULL
  9  , created_by		   NUMBER	CONSTRAINT nn_item_lab_6 NOT NULL
 10  , creation_date		   DATE 	CONSTRAINT nn_item_lab_7 NOT NULL
 11  , last_updated_by		   NUMBER	CONSTRAINT nn_item_lab_8 NOT NULL
 12  , last_update_date 	   DATE 	CONSTRAINT nn_item_lab_9 NOT NULL
 13  , CONSTRAINT pk_item_lab_1        PRIMARY KEY(item_lab_id)
 14  , CONSTRAINT fk_item_lab_1        FOREIGN KEY(item_type) REFERENCES common_lookup_lab(common_lookup_lab_id)
 15  , CONSTRAINT fk_item_lab_2        FOREIGN KEY(created_by) REFERENCES system_user_lab(system_user_lab_id)
 16  , CONSTRAINT fk_item_lab_3        FOREIGN KEY(last_updated_by) REFERENCES system_user_lab(system_user_lab_id));

Table created.

SQL> 
SQL> -- Create a sequence.
SQL> CREATE SEQUENCE item_lab_s1 START WITH 1001;

Sequence created.

SQL> 
SQL> 
SQL> -- ------------------------------------------------------------------
SQL> -- Create RENTAL_ITEM table and sequence.
SQL> -- ------------------------------------------------------------------
SQL> -- Conditionally drop table and sequence.
SQL> BEGIN
  2    FOR i IN (SELECT null FROM user_tables WHERE table_name = 'RENTAL_ITEM_LAB') LOOP
  3  	 EXECUTE IMMEDIATE 'DROP TABLE rental_item_lab CASCADE CONSTRAINTS';
  4    END LOOP;
  5    FOR i IN (SELECT null FROM user_sequences WHERE sequence_name = 'RENTAL_ITEM_LAB_S1') LOOP
  6  	 EXECUTE IMMEDIATE 'DROP SEQUENCE rental_item_lab_s1';
  7    END LOOP;
  8  END;
  9  /

PL/SQL procedure successfully completed.

SQL> 
SQL> -- Create table.
SQL> CREATE TABLE rental_lab_item
  2  ( rental_item_lab_id	       NUMBER
  3  , rental_lab_id		       NUMBER CONSTRAINT nn_rental_item_lab_1 NOT NULL
  4  , item_lab_id		       NUMBER CONSTRAINT nn_rental_item_lab_2 NOT NULL
  5  , created_by		   NUMBER CONSTRAINT nn_rental_item_lab_3 NOT NULL
  6  , creation_date		   DATE   CONSTRAINT nn_rental_item_lab_4 NOT NULL
  7  , last_updated_by		   NUMBER CONSTRAINT nn_rental_item_lab_5 NOT NULL
  8  , last_update_date 	   DATE   CONSTRAINT nn_rental_item_lab_6 NOT NULL
  9  , CONSTRAINT pk_rental_item_lab_1 PRIMARY KEY(rental_item_lab_id)
 10  , CONSTRAINT fk_rental_item_lab_1 FOREIGN KEY(rental_lab_id) REFERENCES rental_lab(rental_lab_id)
 11  , CONSTRAINT fk_rental_item_lab_2 FOREIGN KEY(item_lab_id) REFERENCES item_lab(item_lab_id)
 12  , CONSTRAINT fk_rental_item_lab_3 FOREIGN KEY(created_by) REFERENCES system_user_lab(system_user_lab_id)
 13  , CONSTRAINT fk_rental_item_lab_4 FOREIGN KEY(last_updated_by) REFERENCES system_user(system_user_lab_id));
, CONSTRAINT fk_rental_item_lab_1 FOREIGN KEY(rental_lab_id) REFERENCES rental_lab(rental_lab_id)
                                                                        *
ERROR at line 10:
ORA-00942: table or view does not exist 


SQL> 
SQL> -- Create a sequence.
SQL> CREATE SEQUENCE rental_item_lab_s1 START WITH 1001;

Sequence created.

SQL> 
SQL> -- Commit inserted records.
SQL> COMMIT;

Commit complete.

SQL> --------------------
SQL> ---------------------
SQL> --step 1
SQL> 
SQL> SET NULL ''
SQL> 
SQL> COLUMN table_name	 FORMAT A16
SQL> 
SQL> COLUMN column_id	 FORMAT 9999
SQL> 
SQL> COLUMN column_name  FORMAT A22
SQL> 
SQL> COLUMN data_type	 FORMAT A12
SQL> 
SQL> SELECT   table_name
  2  
SQL> ,	      column_id
SP2-0734: unknown command beginning ",        c..." - rest of line ignored.
SQL> 
SQL> ,	      column_name
SP2-0734: unknown command beginning ",        c..." - rest of line ignored.
SQL> 
SQL> ,	      CASE
SP2-0734: unknown command beginning ",        C..." - rest of line ignored.
SQL> 
SQL> 		WHEN nullable = 'N' THEN 'NOT NULL'
SP2-0734: unknown command beginning "WHEN nulla..." - rest of line ignored.
SP2-0044: For a list of known commands enter HELP
and to leave enter EXIT.
SQL> 
SQL> 		ELSE ''
SP2-0042: unknown command "ELSE ''" - rest of line ignored.
SQL> 
SQL> 	      END AS nullable
SP2-0734: unknown command beginning "END AS nul..." - rest of line ignored.
SQL> 
SQL> ,	      CASE
SP2-0734: unknown command beginning ",        C..." - rest of line ignored.
SQL> 
SQL> 		WHEN data_type IN ('CHAR','VARCHAR2','NUMBER') THEN
SP2-0734: unknown command beginning "WHEN data_..." - rest of line ignored.
SP2-0044: For a list of known commands enter HELP
and to leave enter EXIT.
SQL> 
SQL> 		  data_type||'('||data_length||')'
SP2-0734: unknown command beginning "data_type|..." - rest of line ignored.
SQL> 
SQL> 		ELSE
SP2-0042: unknown command "ELSE" - rest of line ignored.
SQL> 
SQL> 		  data_type
SP2-0042: unknown command "data_type" - rest of line ignored.
SQL> 
SQL> 	      END AS data_type
SP2-0734: unknown command beginning "END AS dat..." - rest of line ignored.
SP2-0044: For a list of known commands enter HELP
and to leave enter EXIT.
SQL> 
SQL> FROM     user_tab_columns
SP2-0734: unknown command beginning "FROM     u..." - rest of line ignored.
SQL> 
SQL> WHERE    table_name = 'SYSTEM_USER_LAB'
SP2-0734: unknown command beginning "WHERE    t..." - rest of line ignored.
SQL> 
SQL> ORDER BY 2;
SP2-0042: unknown command "ORDER BY 2" - rest of line ignored.
SQL> 
SQL> 
SQL> 
SQL> COLUMN constraint_name   FORMAT A22
SQL> 
SQL> COLUMN search_condition  FORMAT A36
SQL> 
SQL> COLUMN constraint_type   FORMAT A1
SQL> 
SQL> SELECT   uc.constraint_name
  2  
SQL> ,	      uc.search_condition
SP2-0734: unknown command beginning ",        u..." - rest of line ignored.
SQL> 
SQL> ,	      uc.constraint_type
SP2-0734: unknown command beginning ",        u..." - rest of line ignored.
SQL> 
SQL> FROM     user_constraints uc INNER JOIN user_cons_columns ucc
SP2-0734: unknown command beginning "FROM     u..." - rest of line ignored.
SQL> 
SQL> ON       uc.table_name = ucc.table_name
SP2-0734: unknown command beginning "ON       u..." - rest of line ignored.
SP2-0044: For a list of known commands enter HELP
and to leave enter EXIT.
SQL> 
SQL> AND      uc.constraint_name = ucc.constraint_name
SP2-0734: unknown command beginning "AND      u..." - rest of line ignored.
SQL> 
SQL> WHERE    uc.table_name = UPPER('system_user_lab')
SP2-0734: unknown command beginning "WHERE    u..." - rest of line ignored.
SQL> 
SQL> AND      uc.constraint_type = UPPER('c')
SP2-0734: unknown command beginning "AND      u..." - rest of line ignored.
SQL> 
SQL> ORDER BY uc.constraint_name;
SP2-0734: unknown command beginning "ORDER BY u..." - rest of line ignored.
SP2-0044: For a list of known commands enter HELP
and to leave enter EXIT.
SQL> 
SQL> COL constraint_source FORMAT A38 HEADING "Constraint Name:| Table.Column"
SQL> 
SQL> COL references_column FORMAT A40 HEADING "References:| Table.Column"
SQL> 
SQL> SELECT   uc.constraint_name||CHR(10)
  2  
SQL> ||      '('||ucc1.table_name||'.'||ucc1.column_name||')' constraint_source
SP2-0734: unknown command beginning "||      '(..." - rest of line ignored.
SQL> 
SQL> ,	     'REFERENCES'||CHR(10)
SP2-0734: unknown command beginning ",       'R..." - rest of line ignored.
SQL> 
SQL> ||      '('||ucc2.table_name||'.'||ucc2.column_name||')' references_column
SP2-0734: unknown command beginning "||      '(..." - rest of line ignored.
SQL> 
SQL> FROM     user_constraints uc
SP2-0734: unknown command beginning "FROM     u..." - rest of line ignored.
SP2-0044: For a list of known commands enter HELP
and to leave enter EXIT.
SQL> 
SQL> ,	      user_cons_columns ucc1
SP2-0734: unknown command beginning ",        u..." - rest of line ignored.
SQL> 
SQL> ,	      user_cons_columns ucc2
SP2-0734: unknown command beginning ",        u..." - rest of line ignored.
SQL> 
SQL> WHERE    uc.constraint_name = ucc1.constraint_name
SP2-0734: unknown command beginning "WHERE    u..." - rest of line ignored.
SQL> 
SQL> AND      uc.r_constraint_name = ucc2.constraint_name
SP2-0734: unknown command beginning "AND      u..." - rest of line ignored.
SP2-0044: For a list of known commands enter HELP
and to leave enter EXIT.
SQL> 
SQL> AND      ucc1.POSITION = ucc2.POSITION -- Correction for multiple column primary keys.
SP2-0734: unknown command beginning "AND      u..." - rest of line ignored.
SQL> 
SQL> AND      uc.constraint_type = 'R'
SP2-0734: unknown command beginning "AND      u..." - rest of line ignored.
SQL> 
SQL> AND      ucc1.table_name = 'SYSTEM_USER_LAB'
SP2-0734: unknown command beginning "AND      u..." - rest of line ignored.
SQL> 
SQL> ORDER BY ucc1.table_name
SP2-0734: unknown command beginning "ORDER BY u..." - rest of line ignored.
SP2-0044: For a list of known commands enter HELP
and to leave enter EXIT.
SQL> 
SQL> ,	      uc.constraint_name;
SP2-0734: unknown command beginning ",        u..." - rest of line ignored.
SQL> 
SQL> 
SQL> 
SQL> COLUMN index_name FORMAT A20 HEADING "Index Name"
SQL> 
SQL> SELECT   index_name
  2  
SQL> FROM     user_indexes
SP2-0734: unknown command beginning "FROM     u..." - rest of line ignored.
SQL> 
SQL> WHERE    TABLE_NAME = UPPER('system_user_lab');
SP2-0734: unknown command beginning "WHERE    T..." - rest of line ignored.
SQL> 
SQL> 
SQL> 
SQL> INDEX Name
SP2-0042: unknown command "INDEX Name" - rest of line ignored.
SQL> 
SQL> --------------------
SQL> 
SQL> PK_SYSTEM_USER_LAB_1
SP2-0734: unknown command beginning "PK_SYSTEM_..." - rest of line ignored.
SQL> 
SQL> UQ_SYSTEM_USER_LAB_1
SP2-0734: unknown command beginning "UQ_SYSTEM_..." - rest of line ignored.
SQL> 
SQL> 
SQL> 
SQL> COLUMN sequence_name FORMAT A20 HEADING "Sequence Name"
SQL> 
SQL> SELECT   sequence_name
  2  
SQL> FROM     user_sequences
SP2-0734: unknown command beginning "FROM     u..." - rest of line ignored.
SQL> 
SQL> WHERE    sequence_name = UPPER('system_user_lab_s1');
SP2-0734: unknown command beginning "WHERE    s..." - rest of line ignored.
SQL> 
SQL> 
SQL> 
SQL> 
SQL> 
SQL> -- step 2
SQL> 
SQL> 
SQL> 
SQL> COLUMN table_name	 FORMAT A18
SQL> 
SQL> COLUMN column_id	 FORMAT 9999
SQL> 
SQL> COLUMN column_name  FORMAT A22
SQL> 
SQL> COLUMN data_type	 FORMAT A12
SQL> 
SQL> SELECT   table_name
  2  
SQL> ,	      column_id
SP2-0734: unknown command beginning ",        c..." - rest of line ignored.
SQL> 
SQL> ,	      column_name
SP2-0734: unknown command beginning ",        c..." - rest of line ignored.
SQL> 
SQL> ,	      CASE
SP2-0734: unknown command beginning ",        C..." - rest of line ignored.
SQL> 
SQL> 		WHEN nullable = 'N' THEN 'NOT NULL'
SP2-0734: unknown command beginning "WHEN nulla..." - rest of line ignored.
SP2-0044: For a list of known commands enter HELP
and to leave enter EXIT.
SQL> 
SQL> 		ELSE ''
SP2-0042: unknown command "ELSE ''" - rest of line ignored.
SQL> 
SQL> 	      END AS nullable
SP2-0734: unknown command beginning "END AS nul..." - rest of line ignored.
SQL> 
SQL> ,	      CASE
SP2-0734: unknown command beginning ",        C..." - rest of line ignored.
SQL> 
SQL> 		WHEN data_type IN ('CHAR','VARCHAR2','NUMBER') THEN
SP2-0734: unknown command beginning "WHEN data_..." - rest of line ignored.
SP2-0044: For a list of known commands enter HELP
and to leave enter EXIT.
SQL> 
SQL> 		  data_type||'('||data_length||')'
SP2-0734: unknown command beginning "data_type|..." - rest of line ignored.
SQL> 
SQL> 		ELSE
SP2-0042: unknown command "ELSE" - rest of line ignored.
SQL> 
SQL> 		  data_type
SP2-0042: unknown command "data_type" - rest of line ignored.
SQL> 
SQL> 	      END AS data_type
SP2-0734: unknown command beginning "END AS dat..." - rest of line ignored.
SP2-0044: For a list of known commands enter HELP
and to leave enter EXIT.
SQL> 
SQL> FROM     user_tab_columns
SP2-0734: unknown command beginning "FROM     u..." - rest of line ignored.
SQL> 
SQL> WHERE    table_name = 'COMMON_LOOKUP_LAB'
SP2-0734: unknown command beginning "WHERE    t..." - rest of line ignored.
SQL> 
SQL> ORDER BY 2;
SP2-0042: unknown command "ORDER BY 2" - rest of line ignored.
SQL> 
SQL> 
SQL> 
SQL> COLUMN constraint_name   FORMAT A22
SQL> 
SQL> COLUMN search_condition  FORMAT A36
SQL> 
SQL> COLUMN constraint_type   FORMAT A1
SQL> 
SQL> SELECT   uc.constraint_name
  2  
SQL> ,	      uc.search_condition
SP2-0734: unknown command beginning ",        u..." - rest of line ignored.
SQL> 
SQL> ,	      uc.constraint_type
SP2-0734: unknown command beginning ",        u..." - rest of line ignored.
SQL> 
SQL> FROM     user_constraints uc INNER JOIN user_cons_columns ucc
SP2-0734: unknown command beginning "FROM     u..." - rest of line ignored.
SQL> 
SQL> ON       uc.table_name = ucc.table_name
SP2-0734: unknown command beginning "ON       u..." - rest of line ignored.
SP2-0044: For a list of known commands enter HELP
and to leave enter EXIT.
SQL> 
SQL> AND      uc.constraint_name = ucc.constraint_name
SP2-0734: unknown command beginning "AND      u..." - rest of line ignored.
SQL> 
SQL> WHERE    uc.table_name = UPPER('common_lookup_lab')
SP2-0734: unknown command beginning "WHERE    u..." - rest of line ignored.
SQL> 
SQL> AND      uc.constraint_type IN (UPPER('c'),UPPER('p'))
SP2-0734: unknown command beginning "AND      u..." - rest of line ignored.
SQL> 
SQL> ORDER BY uc.constraint_type DESC
SP2-0734: unknown command beginning "ORDER BY u..." - rest of line ignored.
SP2-0044: For a list of known commands enter HELP
and to leave enter EXIT.
SQL> 
SQL> ,	      uc.constraint_name;
SP2-0734: unknown command beginning ",        u..." - rest of line ignored.
SQL> 
SQL> 
SQL> 
SQL> COL constraint_source FORMAT A38 HEADING "Constraint Name:| Table.Column"
SQL> 
SQL> COL references_column FORMAT A40 HEADING "References:| Table.Column"
SQL> 
SQL> SELECT   uc.constraint_name||CHR(10)
  2  
SQL> ||      '('||ucc1.table_name||'.'||ucc1.column_name||')' constraint_source
SP2-0734: unknown command beginning "||      '(..." - rest of line ignored.
SQL> 
SQL> ,	     'REFERENCES'||CHR(10)
SP2-0734: unknown command beginning ",       'R..." - rest of line ignored.
SQL> 
SQL> ||      '('||ucc2.table_name||'.'||ucc2.column_name||')' references_column
SP2-0734: unknown command beginning "||      '(..." - rest of line ignored.
SQL> 
SQL> FROM     user_constraints uc
SP2-0734: unknown command beginning "FROM     u..." - rest of line ignored.
SP2-0044: For a list of known commands enter HELP
and to leave enter EXIT.
SQL> 
SQL> ,	      user_cons_columns ucc1
SP2-0734: unknown command beginning ",        u..." - rest of line ignored.
SQL> 
SQL> ,	      user_cons_columns ucc2
SP2-0734: unknown command beginning ",        u..." - rest of line ignored.
SQL> 
SQL> WHERE    uc.constraint_name = ucc1.constraint_name
SP2-0734: unknown command beginning "WHERE    u..." - rest of line ignored.
SQL> 
SQL> AND      uc.r_constraint_name = ucc2.constraint_name
SP2-0734: unknown command beginning "AND      u..." - rest of line ignored.
SP2-0044: For a list of known commands enter HELP
and to leave enter EXIT.
SQL> 
SQL> AND      ucc1.POSITION = ucc2.POSITION -- Correction for multiple column primary keys.
SP2-0734: unknown command beginning "AND      u..." - rest of line ignored.
SQL> 
SQL> AND      uc.constraint_type = 'R'
SP2-0734: unknown command beginning "AND      u..." - rest of line ignored.
SQL> 
SQL> AND      ucc1.table_name = 'COMMON_LOOKUP_LAB'
SP2-0734: unknown command beginning "AND      u..." - rest of line ignored.
SQL> 
SQL> ORDER BY ucc1.table_name
SP2-0734: unknown command beginning "ORDER BY u..." - rest of line ignored.
SP2-0044: For a list of known commands enter HELP
and to leave enter EXIT.
SQL> 
SQL> ,	      uc.constraint_name;
SP2-0734: unknown command beginning ",        u..." - rest of line ignored.
SQL> 
SQL> 
SQL> 
SQL> 
SQL> 
SQL> COLUMN sequence_name   FORMAT A22 HEADING "Sequence Name"
SQL> 
SQL> COLUMN column_position FORMAT 999 HEADING "Column|Position"
SQL> 
SQL> COLUMN column_name     FORMAT A22 HEADING "Column|Name"
SQL> 
SQL> SELECT   ui.index_name
  2  
SQL> ,	      uic.column_position
SP2-0734: unknown command beginning ",        u..." - rest of line ignored.
SQL> 
SQL> ,	      uic.column_name
SP2-0734: unknown command beginning ",        u..." - rest of line ignored.
SQL> 
SQL> FROM     user_indexes ui INNER JOIN user_ind_columns uic
SP2-0734: unknown command beginning "FROM     u..." - rest of line ignored.
SQL> 
SQL> ON       ui.index_name = uic.index_name
SP2-0734: unknown command beginning "ON       u..." - rest of line ignored.
SP2-0044: For a list of known commands enter HELP
and to leave enter EXIT.
SQL> 
SQL> AND      ui.table_name = uic.table_name
SP2-0734: unknown command beginning "AND      u..." - rest of line ignored.
SQL> 
SQL> WHERE    ui.table_name = UPPER('common_lookup_lab')
SP2-0734: unknown command beginning "WHERE    u..." - rest of line ignored.
SQL> 
SQL> ORDER BY ui.index_name
SP2-0734: unknown command beginning "ORDER BY u..." - rest of line ignored.
SQL> 
SQL> ,	      uic.column_position;
SP2-0734: unknown command beginning ",        u..." - rest of line ignored.
SP2-0044: For a list of known commands enter HELP
and to leave enter EXIT.
SQL> 
SQL> 
SQL> 
SQL> 
SQL> 
SQL> COLUMN sequence_name FORMAT A20 HEADING "Sequence Name"
SQL> 
SQL> SELECT   sequence_name
  2  
SQL> FROM     user_sequences
SP2-0734: unknown command beginning "FROM     u..." - rest of line ignored.
SQL> 
SQL> WHERE    sequence_name = UPPER('common_lookup_lab_s1');
SP2-0734: unknown command beginning "WHERE    s..." - rest of line ignored.
SQL> 
SQL> 
SQL> 
SQL> 
SQL> 
SQL> COL constraint_source FORMAT A38 HEADING "Constraint Name:| Table.Column"
SQL> 
SQL> COL references_column FORMAT A40 HEADING "References:| Table.Column"
SQL> 
SQL> SELECT   uc.constraint_name||CHR(10)
  2  
SQL> ||      '('||ucc1.table_name||'.'||ucc1.column_name||')' constraint_source
SP2-0734: unknown command beginning "||      '(..." - rest of line ignored.
SQL> 
SQL> ,	     'REFERENCES'||CHR(10)
SP2-0734: unknown command beginning ",       'R..." - rest of line ignored.
SQL> 
SQL> ||      '('||ucc2.table_name||'.'||ucc2.column_name||')' references_column
SP2-0734: unknown command beginning "||      '(..." - rest of line ignored.
SQL> 
SQL> FROM     user_constraints uc
SP2-0734: unknown command beginning "FROM     u..." - rest of line ignored.
SP2-0044: For a list of known commands enter HELP
and to leave enter EXIT.
SQL> 
SQL> ,	      user_cons_columns ucc1
SP2-0734: unknown command beginning ",        u..." - rest of line ignored.
SQL> 
SQL> ,	      user_cons_columns ucc2
SP2-0734: unknown command beginning ",        u..." - rest of line ignored.
SQL> 
SQL> WHERE    uc.constraint_name = ucc1.constraint_name
SP2-0734: unknown command beginning "WHERE    u..." - rest of line ignored.
SQL> 
SQL> AND      uc.r_constraint_name = ucc2.constraint_name
SP2-0734: unknown command beginning "AND      u..." - rest of line ignored.
SP2-0044: For a list of known commands enter HELP
and to leave enter EXIT.
SQL> 
SQL> AND      ucc1.position = ucc2.position -- Correction for multiple column primary keys.
SP2-0734: unknown command beginning "AND      u..." - rest of line ignored.
SQL> 
SQL> AND      uc.constraint_type = 'R'
SP2-0734: unknown command beginning "AND      u..." - rest of line ignored.
SQL> 
SQL> AND      ucc1.table_name = UPPER('system_user_lab')
SP2-0734: unknown command beginning "AND      u..." - rest of line ignored.
SQL> 
SQL> AND      ucc2.table_name = UPPER('common_lookup_lab')
SP2-0734: unknown command beginning "AND      u..." - rest of line ignored.
SP2-0044: For a list of known commands enter HELP
and to leave enter EXIT.
SQL> 
SQL> ORDER BY ucc1.table_name
SP2-0734: unknown command beginning "ORDER BY u..." - rest of line ignored.
SQL> 
SQL> ,	      uc.constraint_name;
SP2-0734: unknown command beginning ",        u..." - rest of line ignored.
SQL> 
SQL> 
SQL> 
SQL> --step 3
SQL> 
SQL> SET NULL ''
SQL> 
SQL> COLUMN table_name	 FORMAT A18
SQL> 
SQL> COLUMN column_id	 FORMAT 9999
SQL> 
SQL> COLUMN column_name  FORMAT A22
SQL> 
SQL> COLUMN data_type	 FORMAT A12
SQL> 
SQL> SELECT   table_name
  2  
SQL> ,	      column_id
SP2-0734: unknown command beginning ",        c..." - rest of line ignored.
SQL> 
SQL> ,	      column_name
SP2-0734: unknown command beginning ",        c..." - rest of line ignored.
SQL> 
SQL> ,	      CASE
SP2-0734: unknown command beginning ",        C..." - rest of line ignored.
SQL> 
SQL> 		WHEN nullable = 'N' THEN 'NOT NULL'
SP2-0734: unknown command beginning "WHEN nulla..." - rest of line ignored.
SP2-0044: For a list of known commands enter HELP
and to leave enter EXIT.
SQL> 
SQL> 		ELSE ''
SP2-0042: unknown command "ELSE ''" - rest of line ignored.
SQL> 
SQL> 	      END AS nullable
SP2-0734: unknown command beginning "END AS nul..." - rest of line ignored.
SQL> 
SQL> ,	      CASE
SP2-0734: unknown command beginning ",        C..." - rest of line ignored.
SQL> 
SQL> 		WHEN data_type IN ('CHAR','VARCHAR2','NUMBER') THEN
SP2-0734: unknown command beginning "WHEN data_..." - rest of line ignored.
SP2-0044: For a list of known commands enter HELP
and to leave enter EXIT.
SQL> 
SQL> 		  data_type||'('||data_length||')'
SP2-0734: unknown command beginning "data_type|..." - rest of line ignored.
SQL> 
SQL> 		ELSE
SP2-0042: unknown command "ELSE" - rest of line ignored.
SQL> 
SQL> 		  data_type
SP2-0042: unknown command "data_type" - rest of line ignored.
SQL> 
SQL> 	      END AS data_type
SP2-0734: unknown command beginning "END AS dat..." - rest of line ignored.
SP2-0044: For a list of known commands enter HELP
and to leave enter EXIT.
SQL> 
SQL> FROM     user_tab_columns
SP2-0734: unknown command beginning "FROM     u..." - rest of line ignored.
SQL> 
SQL> WHERE    table_name = 'MEMBER_LAB'
SP2-0734: unknown command beginning "WHERE    t..." - rest of line ignored.
SQL> 
SQL> ORDER BY 2;
SP2-0042: unknown command "ORDER BY 2" - rest of line ignored.
SQL> 
SQL> 
SQL> 
SQL> COLUMN constraint_name   FORMAT A22
SQL> 
SQL> COLUMN search_condition  FORMAT A36
SQL> 
SQL> COLUMN constraint_type   FORMAT A1
SQL> 
SQL> SELECT   uc.constraint_name
  2  
SQL> ,	      uc.search_condition
SP2-0734: unknown command beginning ",        u..." - rest of line ignored.
SQL> 
SQL> ,	      uc.constraint_type
SP2-0734: unknown command beginning ",        u..." - rest of line ignored.
SQL> 
SQL> FROM     user_constraints uc INNER JOIN user_cons_columns ucc
SP2-0734: unknown command beginning "FROM     u..." - rest of line ignored.
SQL> 
SQL> ON       uc.table_name = ucc.table_name
SP2-0734: unknown command beginning "ON       u..." - rest of line ignored.
SP2-0044: For a list of known commands enter HELP
and to leave enter EXIT.
SQL> 
SQL> AND      uc.constraint_name = ucc.constraint_name
SP2-0734: unknown command beginning "AND      u..." - rest of line ignored.
SQL> 
SQL> WHERE    uc.table_name = UPPER('member_lab')
SP2-0734: unknown command beginning "WHERE    u..." - rest of line ignored.
SQL> 
SQL> AND      uc.constraint_type IN (UPPER('c'),UPPER('p'))
SP2-0734: unknown command beginning "AND      u..." - rest of line ignored.
SQL> 
SQL> ORDER BY uc.constraint_type DESC
SP2-0734: unknown command beginning "ORDER BY u..." - rest of line ignored.
SP2-0044: For a list of known commands enter HELP
and to leave enter EXIT.
SQL> 
SQL> ,	      uc.constraint_name;
SP2-0734: unknown command beginning ",        u..." - rest of line ignored.
SQL> 
SQL> COL constraint_source FORMAT A38 HEADING "Constraint Name:| Table.Column"
SQL> 
SQL> COL references_column FORMAT A40 HEADING "References:| Table.Column"
SQL> 
SQL> SELECT   uc.constraint_name||CHR(10)
  2  
SQL> ||      '('||ucc1.table_name||'.'||ucc1.column_name||')' constraint_source
SP2-0734: unknown command beginning "||      '(..." - rest of line ignored.
SQL> 
SQL> ,	     'REFERENCES'||CHR(10)
SP2-0734: unknown command beginning ",       'R..." - rest of line ignored.
SQL> 
SQL> ||      '('||ucc2.table_name||'.'||ucc2.column_name||')' references_column
SP2-0734: unknown command beginning "||      '(..." - rest of line ignored.
SQL> 
SQL> FROM     user_constraints uc
SP2-0734: unknown command beginning "FROM     u..." - rest of line ignored.
SP2-0044: For a list of known commands enter HELP
and to leave enter EXIT.
SQL> 
SQL> ,	      user_cons_columns ucc1
SP2-0734: unknown command beginning ",        u..." - rest of line ignored.
SQL> 
SQL> ,	      user_cons_columns ucc2
SP2-0734: unknown command beginning ",        u..." - rest of line ignored.
SQL> 
SQL> WHERE    uc.constraint_name = ucc1.constraint_name
SP2-0734: unknown command beginning "WHERE    u..." - rest of line ignored.
SQL> 
SQL> AND      uc.r_constraint_name = ucc2.constraint_name
SP2-0734: unknown command beginning "AND      u..." - rest of line ignored.
SP2-0044: For a list of known commands enter HELP
and to leave enter EXIT.
SQL> 
SQL> AND      ucc1.POSITION = ucc2.POSITION -- Correction for multiple column primary keys.
SP2-0734: unknown command beginning "AND      u..." - rest of line ignored.
SQL> 
SQL> AND      uc.constraint_type = 'R'
SP2-0734: unknown command beginning "AND      u..." - rest of line ignored.
SQL> 
SQL> AND      ucc1.table_name = 'MEMBER_LAB'
SP2-0734: unknown command beginning "AND      u..." - rest of line ignored.
SQL> 
SQL> ORDER BY ucc1.table_name
SP2-0734: unknown command beginning "ORDER BY u..." - rest of line ignored.
SP2-0044: For a list of known commands enter HELP
and to leave enter EXIT.
SQL> 
SQL> ,	      uc.constraint_name;
SP2-0734: unknown command beginning ",        u..." - rest of line ignored.
SQL> 
SQL> 
SQL> 
SQL> COLUMN sequence_name   FORMAT A22 HEADING "Sequence Name"
SQL> 
SQL> COLUMN column_position FORMAT 999 HEADING "Column|Position"
SQL> 
SQL> COLUMN column_name     FORMAT A22 HEADING "Column|Name"
SQL> 
SQL> SELECT   ui.index_name
  2  
SQL> ,	      uic.column_position
SP2-0734: unknown command beginning ",        u..." - rest of line ignored.
SQL> 
SQL> ,	      uic.column_name
SP2-0734: unknown command beginning ",        u..." - rest of line ignored.
SQL> 
SQL> FROM     user_indexes ui INNER JOIN user_ind_columns uic
SP2-0734: unknown command beginning "FROM     u..." - rest of line ignored.
SQL> 
SQL> ON       ui.index_name = uic.index_name
SP2-0734: unknown command beginning "ON       u..." - rest of line ignored.
SP2-0044: For a list of known commands enter HELP
and to leave enter EXIT.
SQL> 
SQL> AND      ui.table_name = uic.table_name
SP2-0734: unknown command beginning "AND      u..." - rest of line ignored.
SQL> 
SQL> WHERE    ui.table_name = UPPER('member_lab')
SP2-0734: unknown command beginning "WHERE    u..." - rest of line ignored.
SQL> 
SQL> AND NOT  ui.index_name IN (SELECT constraint_name
SP2-0734: unknown command beginning "AND NOT  u..." - rest of line ignored.
SQL> 
SQL> 				FROM   user_constraints)
SP2-0734: unknown command beginning "FROM   use..." - rest of line ignored.
SP2-0044: For a list of known commands enter HELP
and to leave enter EXIT.
SQL> 
SQL> ORDER BY ui.index_name
SP2-0734: unknown command beginning "ORDER BY u..." - rest of line ignored.
SQL> 
SQL> ,	      uic.column_position;
SP2-0734: unknown command beginning ",        u..." - rest of line ignored.
SQL> 
SQL> 
SQL> 
SQL> COLUMN sequence_name FORMAT A20 HEADING "Sequence Name"
SQL> 
SQL> SELECT   sequence_name
  2  
SQL> FROM     user_sequences
SP2-0734: unknown command beginning "FROM     u..." - rest of line ignored.
SQL> 
SQL> WHERE    sequence_name = UPPER('member_lab_s1');
SP2-0734: unknown command beginning "WHERE    s..." - rest of line ignored.
SQL> 
SQL> 
SQL> 
SQL> --step 4
SQL> 
SQL> SET NULL ''
SQL> 
SQL> COLUMN table_name	 FORMAT A18
SQL> 
SQL> COLUMN column_id	 FORMAT 9999
SQL> 
SQL> COLUMN column_name  FORMAT A22
SQL> 
SQL> COLUMN data_type	 FORMAT A12
SQL> 
SQL> SELECT   table_name
  2  
SQL> ,	      column_id
SP2-0734: unknown command beginning ",        c..." - rest of line ignored.
SQL> 
SQL> ,	      column_name
SP2-0734: unknown command beginning ",        c..." - rest of line ignored.
SQL> 
SQL> ,	      CASE
SP2-0734: unknown command beginning ",        C..." - rest of line ignored.
SQL> 
SQL> 		WHEN nullable = 'N' THEN 'NOT NULL'
SP2-0734: unknown command beginning "WHEN nulla..." - rest of line ignored.
SP2-0044: For a list of known commands enter HELP
and to leave enter EXIT.
SQL> 
SQL> 		ELSE ''
SP2-0042: unknown command "ELSE ''" - rest of line ignored.
SQL> 
SQL> 	      END AS nullable
SP2-0734: unknown command beginning "END AS nul..." - rest of line ignored.
SQL> 
SQL> ,	      CASE
SP2-0734: unknown command beginning ",        C..." - rest of line ignored.
SQL> 
SQL> 		WHEN data_type IN ('CHAR','VARCHAR2','NUMBER') THEN
SP2-0734: unknown command beginning "WHEN data_..." - rest of line ignored.
SP2-0044: For a list of known commands enter HELP
and to leave enter EXIT.
SQL> 
SQL> 		  data_type||'('||data_length||')'
SP2-0734: unknown command beginning "data_type|..." - rest of line ignored.
SQL> 
SQL> 		ELSE
SP2-0042: unknown command "ELSE" - rest of line ignored.
SQL> 
SQL> 		  data_type
SP2-0042: unknown command "data_type" - rest of line ignored.
SQL> 
SQL> 	      END AS data_type
SP2-0734: unknown command beginning "END AS dat..." - rest of line ignored.
SP2-0044: For a list of known commands enter HELP
and to leave enter EXIT.
SQL> 
SQL> FROM     user_tab_columns
SP2-0734: unknown command beginning "FROM     u..." - rest of line ignored.
SQL> 
SQL> WHERE    table_name = 'CONTACT_LAB'
SP2-0734: unknown command beginning "WHERE    t..." - rest of line ignored.
SQL> 
SQL> ORDER BY 2;
SP2-0042: unknown command "ORDER BY 2" - rest of line ignored.
SQL> 
SQL> 
SQL> 
SQL> COLUMN constraint_name   FORMAT A22
SQL> 
SQL> COLUMN search_condition  FORMAT A36
SQL> 
SQL> COLUMN constraint_type   FORMAT A1
SQL> 
SQL> SELECT   uc.constraint_name
  2  
SQL> ,	      uc.search_condition
SP2-0734: unknown command beginning ",        u..." - rest of line ignored.
SQL> 
SQL> ,	      uc.constraint_type
SP2-0734: unknown command beginning ",        u..." - rest of line ignored.
SQL> 
SQL> FROM     user_constraints uc INNER JOIN user_cons_columns ucc
SP2-0734: unknown command beginning "FROM     u..." - rest of line ignored.
SQL> 
SQL> ON       uc.table_name = ucc.table_name
SP2-0734: unknown command beginning "ON       u..." - rest of line ignored.
SP2-0044: For a list of known commands enter HELP
and to leave enter EXIT.
SQL> 
SQL> AND      uc.constraint_name = ucc.constraint_name
SP2-0734: unknown command beginning "AND      u..." - rest of line ignored.
SQL> 
SQL> WHERE    uc.table_name = UPPER('contact_lab')
SP2-0734: unknown command beginning "WHERE    u..." - rest of line ignored.
SQL> 
SQL> AND      uc.constraint_type IN (UPPER('c'),UPPER('p'))
SP2-0734: unknown command beginning "AND      u..." - rest of line ignored.
SQL> 
SQL> ORDER BY uc.constraint_type DESC
SP2-0734: unknown command beginning "ORDER BY u..." - rest of line ignored.
SP2-0044: For a list of known commands enter HELP
and to leave enter EXIT.
SQL> 
SQL> ,	      uc.constraint_name;
SP2-0734: unknown command beginning ",        u..." - rest of line ignored.
SQL> 
SQL> 
SQL> 
SQL> COL constraint_source FORMAT A38 HEADING "Constraint Name:| Table.Column"
SQL> 
SQL> COL references_column FORMAT A40 HEADING "References:| Table.Column"
SQL> 
SQL> SELECT   uc.constraint_name||CHR(10)
  2  
SQL> ||      '('||ucc1.table_name||'.'||ucc1.column_name||')' constraint_source
SP2-0734: unknown command beginning "||      '(..." - rest of line ignored.
SQL> 
SQL> ,	     'REFERENCES'||CHR(10)
SP2-0734: unknown command beginning ",       'R..." - rest of line ignored.
SQL> 
SQL> ||      '('||ucc2.table_name||'.'||ucc2.column_name||')' references_column
SP2-0734: unknown command beginning "||      '(..." - rest of line ignored.
SQL> 
SQL> FROM     user_constraints uc
SP2-0734: unknown command beginning "FROM     u..." - rest of line ignored.
SP2-0044: For a list of known commands enter HELP
and to leave enter EXIT.
SQL> 
SQL> ,	      user_cons_columns ucc1
SP2-0734: unknown command beginning ",        u..." - rest of line ignored.
SQL> 
SQL> ,	      user_cons_columns ucc2
SP2-0734: unknown command beginning ",        u..." - rest of line ignored.
SQL> 
SQL> WHERE    uc.constraint_name = ucc1.constraint_name
SP2-0734: unknown command beginning "WHERE    u..." - rest of line ignored.
SQL> 
SQL> AND      uc.r_constraint_name = ucc2.constraint_name
SP2-0734: unknown command beginning "AND      u..." - rest of line ignored.
SP2-0044: For a list of known commands enter HELP
and to leave enter EXIT.
SQL> 
SQL> AND      ucc1.POSITION = ucc2.POSITION -- Correction for multiple column primary keys.
SP2-0734: unknown command beginning "AND      u..." - rest of line ignored.
SQL> 
SQL> AND      uc.constraint_type = 'R'
SP2-0734: unknown command beginning "AND      u..." - rest of line ignored.
SQL> 
SQL> AND      ucc1.table_name = 'CONTACT_LAB'
SP2-0734: unknown command beginning "AND      u..." - rest of line ignored.
SQL> 
SQL> ORDER BY ucc1.table_name
SP2-0734: unknown command beginning "ORDER BY u..." - rest of line ignored.
SP2-0044: For a list of known commands enter HELP
and to leave enter EXIT.
SQL> 
SQL> ,	      uc.constraint_name;
SP2-0734: unknown command beginning ",        u..." - rest of line ignored.
SQL> 
SQL> 
SQL> 
SQL> 
SQL> 
SQL> COLUMN sequence_name   FORMAT A22 HEADING "Sequence Name"
SQL> 
SQL> COLUMN column_position FORMAT 999 HEADING "Column|Position"
SQL> 
SQL> COLUMN column_name     FORMAT A22 HEADING "Column|Name"
SQL> 
SQL> SELECT   ui.index_name
  2  
SQL> ,	      uic.column_position
SP2-0734: unknown command beginning ",        u..." - rest of line ignored.
SQL> 
SQL> ,	      uic.column_name
SP2-0734: unknown command beginning ",        u..." - rest of line ignored.
SQL> 
SQL> FROM     user_indexes ui INNER JOIN user_ind_columns uic
SP2-0734: unknown command beginning "FROM     u..." - rest of line ignored.
SQL> 
SQL> ON       ui.index_name = uic.index_name
SP2-0734: unknown command beginning "ON       u..." - rest of line ignored.
SP2-0044: For a list of known commands enter HELP
and to leave enter EXIT.
SQL> 
SQL> AND      ui.table_name = uic.table_name
SP2-0734: unknown command beginning "AND      u..." - rest of line ignored.
SQL> 
SQL> WHERE    ui.table_name = UPPER('contact_lab')
SP2-0734: unknown command beginning "WHERE    u..." - rest of line ignored.
SQL> 
SQL> AND NOT  ui.index_name IN (SELECT constraint_name
SP2-0734: unknown command beginning "AND NOT  u..." - rest of line ignored.
SQL> 
SQL> 				FROM   user_constraints)
SP2-0734: unknown command beginning "FROM   use..." - rest of line ignored.
SP2-0044: For a list of known commands enter HELP
and to leave enter EXIT.
SQL> 
SQL> ORDER BY ui.index_name
SP2-0734: unknown command beginning "ORDER BY u..." - rest of line ignored.
SQL> 
SQL> ,	      uic.column_position;
SP2-0734: unknown command beginning ",        u..." - rest of line ignored.
SQL> 
SQL> 
SQL> 
SQL> COLUMN sequence_name FORMAT A20 HEADING "Sequence Name"
SQL> 
SQL> SELECT   sequence_name
  2  
SQL> FROM     user_sequences
SP2-0734: unknown command beginning "FROM     u..." - rest of line ignored.
SQL> 
SQL> WHERE    sequence_name = UPPER('contact_lab_s1');
SP2-0734: unknown command beginning "WHERE    s..." - rest of line ignored.
SQL> 
SQL> 
SQL> 
SQL> --step 5
SQL> 
SQL> 
SQL> 
SQL> SET NULL ''
SQL> 
SQL> COLUMN table_name	 FORMAT A18
SQL> 
SQL> COLUMN column_id	 FORMAT 9999
SQL> 
SQL> COLUMN column_name  FORMAT A22
SQL> 
SQL> COLUMN data_type	 FORMAT A12
SQL> 
SQL> SELECT   table_name
  2  
SQL> ,	      column_id
SP2-0734: unknown command beginning ",        c..." - rest of line ignored.
SQL> 
SQL> ,	      column_name
SP2-0734: unknown command beginning ",        c..." - rest of line ignored.
SQL> 
SQL> ,	      CASE
SP2-0734: unknown command beginning ",        C..." - rest of line ignored.
SQL> 
SQL> 		WHEN nullable = 'N' THEN 'NOT NULL'
SP2-0734: unknown command beginning "WHEN nulla..." - rest of line ignored.
SP2-0044: For a list of known commands enter HELP
and to leave enter EXIT.
SQL> 
SQL> 		ELSE ''
SP2-0042: unknown command "ELSE ''" - rest of line ignored.
SQL> 
SQL> 	      END AS nullable
SP2-0734: unknown command beginning "END AS nul..." - rest of line ignored.
SQL> 
SQL> ,	      CASE
SP2-0734: unknown command beginning ",        C..." - rest of line ignored.
SQL> 
SQL> 		WHEN data_type IN ('CHAR','VARCHAR2','NUMBER') THEN
SP2-0734: unknown command beginning "WHEN data_..." - rest of line ignored.
SP2-0044: For a list of known commands enter HELP
and to leave enter EXIT.
SQL> 
SQL> 		  data_type||'('||data_length||')'
SP2-0734: unknown command beginning "data_type|..." - rest of line ignored.
SQL> 
SQL> 		ELSE
SP2-0042: unknown command "ELSE" - rest of line ignored.
SQL> 
SQL> 		  data_type
SP2-0042: unknown command "data_type" - rest of line ignored.
SQL> 
SQL> 	      END AS data_type
SP2-0734: unknown command beginning "END AS dat..." - rest of line ignored.
SP2-0044: For a list of known commands enter HELP
and to leave enter EXIT.
SQL> 
SQL> FROM     user_tab_columns
SP2-0734: unknown command beginning "FROM     u..." - rest of line ignored.
SQL> 
SQL> WHERE    table_name = 'ADDRESS_LAB'
SP2-0734: unknown command beginning "WHERE    t..." - rest of line ignored.
SQL> 
SQL> ORDER BY 2;
SP2-0042: unknown command "ORDER BY 2" - rest of line ignored.
SQL> 
SQL> 
SQL> 
SQL> COLUMN constraint_name   FORMAT A22
SQL> 
SQL> COLUMN search_condition  FORMAT A36
SQL> 
SQL> COLUMN constraint_type   FORMAT A1
SQL> 
SQL> SELECT   uc.constraint_name
  2  
SQL> ,	      uc.search_condition
SP2-0734: unknown command beginning ",        u..." - rest of line ignored.
SQL> 
SQL> ,	      uc.constraint_type
SP2-0734: unknown command beginning ",        u..." - rest of line ignored.
SQL> 
SQL> FROM     user_constraints uc INNER JOIN user_cons_columns ucc
SP2-0734: unknown command beginning "FROM     u..." - rest of line ignored.
SQL> 
SQL> ON       uc.table_name = ucc.table_name
SP2-0734: unknown command beginning "ON       u..." - rest of line ignored.
SP2-0044: For a list of known commands enter HELP
and to leave enter EXIT.
SQL> 
SQL> AND      uc.constraint_name = ucc.constraint_name
SP2-0734: unknown command beginning "AND      u..." - rest of line ignored.
SQL> 
SQL> WHERE    uc.table_name = UPPER('address_lab')
SP2-0734: unknown command beginning "WHERE    u..." - rest of line ignored.
SQL> 
SQL> AND      uc.constraint_type IN (UPPER('c'),UPPER('p'))
SP2-0734: unknown command beginning "AND      u..." - rest of line ignored.
SQL> 
SQL> ORDER BY uc.constraint_type DESC
SP2-0734: unknown command beginning "ORDER BY u..." - rest of line ignored.
SP2-0044: For a list of known commands enter HELP
and to leave enter EXIT.
SQL> 
SQL> ,	      uc.constraint_name;
SP2-0734: unknown command beginning ",        u..." - rest of line ignored.
SQL> 
SQL> 
SQL> 
SQL> COL constraint_source FORMAT A38 HEADING "Constraint Name:| Table.Column"
SQL> 
SQL> COL references_column FORMAT A40 HEADING "References:| Table.Column"
SQL> 
SQL> SELECT   uc.constraint_name||CHR(10)
  2  
SQL> ||      '('||ucc1.table_name||'.'||ucc1.column_name||')' constraint_source
SP2-0734: unknown command beginning "||      '(..." - rest of line ignored.
SQL> 
SQL> ,	     'REFERENCES'||CHR(10)
SP2-0734: unknown command beginning ",       'R..." - rest of line ignored.
SQL> 
SQL> ||      '('||ucc2.table_name||'.'||ucc2.column_name||')' references_column
SP2-0734: unknown command beginning "||      '(..." - rest of line ignored.
SQL> 
SQL> FROM     user_constraints uc
SP2-0734: unknown command beginning "FROM     u..." - rest of line ignored.
SP2-0044: For a list of known commands enter HELP
and to leave enter EXIT.
SQL> 
SQL> ,	      user_cons_columns ucc1
SP2-0734: unknown command beginning ",        u..." - rest of line ignored.
SQL> 
SQL> ,	      user_cons_columns ucc2
SP2-0734: unknown command beginning ",        u..." - rest of line ignored.
SQL> 
SQL> WHERE    uc.constraint_name = ucc1.constraint_name
SP2-0734: unknown command beginning "WHERE    u..." - rest of line ignored.
SQL> 
SQL> AND      uc.r_constraint_name = ucc2.constraint_name
SP2-0734: unknown command beginning "AND      u..." - rest of line ignored.
SP2-0044: For a list of known commands enter HELP
and to leave enter EXIT.
SQL> 
SQL> AND      ucc1.POSITION = ucc2.POSITION -- Correction for multiple column primary keys.
SP2-0734: unknown command beginning "AND      u..." - rest of line ignored.
SQL> 
SQL> AND      uc.constraint_type = 'R'
SP2-0734: unknown command beginning "AND      u..." - rest of line ignored.
SQL> 
SQL> AND      ucc1.table_name = 'ADDRESS_LAB'
SP2-0734: unknown command beginning "AND      u..." - rest of line ignored.
SQL> 
SQL> ORDER BY ucc1.table_name
SP2-0734: unknown command beginning "ORDER BY u..." - rest of line ignored.
SP2-0044: For a list of known commands enter HELP
and to leave enter EXIT.
SQL> 
SQL> ,	      uc.constraint_name;
SP2-0734: unknown command beginning ",        u..." - rest of line ignored.
SQL> 
SQL> 
SQL> 
SQL> COLUMN sequence_name   FORMAT A22 HEADING "Sequence Name"
SQL> 
SQL> COLUMN column_position FORMAT 999 HEADING "Column|Position"
SQL> 
SQL> COLUMN column_name     FORMAT A22 HEADING "Column|Name"
SQL> 
SQL> SELECT   ui.index_name
  2  
SQL> ,	      uic.column_position
SP2-0734: unknown command beginning ",        u..." - rest of line ignored.
SQL> 
SQL> ,	      uic.column_name
SP2-0734: unknown command beginning ",        u..." - rest of line ignored.
SQL> 
SQL> FROM     user_indexes ui INNER JOIN user_ind_columns uic
SP2-0734: unknown command beginning "FROM     u..." - rest of line ignored.
SQL> 
SQL> ON       ui.index_name = uic.index_name
SP2-0734: unknown command beginning "ON       u..." - rest of line ignored.
SP2-0044: For a list of known commands enter HELP
and to leave enter EXIT.
SQL> 
SQL> AND      ui.table_name = uic.table_name
SP2-0734: unknown command beginning "AND      u..." - rest of line ignored.
SQL> 
SQL> WHERE    ui.table_name = UPPER('address_lab')
SP2-0734: unknown command beginning "WHERE    u..." - rest of line ignored.
SQL> 
SQL> AND NOT  ui.index_name IN (SELECT constraint_name
SP2-0734: unknown command beginning "AND NOT  u..." - rest of line ignored.
SQL> 
SQL> 				FROM   user_constraints)
SP2-0734: unknown command beginning "FROM   use..." - rest of line ignored.
SP2-0044: For a list of known commands enter HELP
and to leave enter EXIT.
SQL> 
SQL> ORDER BY ui.index_name
SP2-0734: unknown command beginning "ORDER BY u..." - rest of line ignored.
SQL> 
SQL> ,	      uic.column_position;
SP2-0734: unknown command beginning ",        u..." - rest of line ignored.
SQL> 
SQL> 
SQL> 
SQL> 
SQL> 
SQL> COLUMN sequence_name FORMAT A20 HEADING "Sequence Name"
SQL> 
SQL> SELECT   sequence_name
  2  
SQL> FROM     user_sequences
SP2-0734: unknown command beginning "FROM     u..." - rest of line ignored.
SQL> 
SQL> WHERE    sequence_name = UPPER('address_lab_s1');
SP2-0734: unknown command beginning "WHERE    s..." - rest of line ignored.
SQL> 
SQL> 
SQL> 
SQL> --step 6
SQL> 
SQL> 
SQL> 
SQL> SET NULL ''
SQL> 
SQL> COLUMN table_name	 FORMAT A18
SQL> 
SQL> COLUMN column_id	 FORMAT 9999
SQL> 
SQL> COLUMN column_name  FORMAT A22
SQL> 
SQL> COLUMN data_type	 FORMAT A12
SQL> 
SQL> SELECT   table_name
  2  
SQL> ,	      column_id
SP2-0734: unknown command beginning ",        c..." - rest of line ignored.
SQL> 
SQL> ,	      column_name
SP2-0734: unknown command beginning ",        c..." - rest of line ignored.
SQL> 
SQL> ,	      CASE
SP2-0734: unknown command beginning ",        C..." - rest of line ignored.
SQL> 
SQL> 		WHEN nullable = 'N' THEN 'NOT NULL'
SP2-0734: unknown command beginning "WHEN nulla..." - rest of line ignored.
SP2-0044: For a list of known commands enter HELP
and to leave enter EXIT.
SQL> 
SQL> 		ELSE ''
SP2-0042: unknown command "ELSE ''" - rest of line ignored.
SQL> 
SQL> 	      END AS nullable
SP2-0734: unknown command beginning "END AS nul..." - rest of line ignored.
SQL> 
SQL> ,	      CASE
SP2-0734: unknown command beginning ",        C..." - rest of line ignored.
SQL> 
SQL> 		WHEN data_type IN ('CHAR','VARCHAR2','NUMBER') THEN
SP2-0734: unknown command beginning "WHEN data_..." - rest of line ignored.
SP2-0044: For a list of known commands enter HELP
and to leave enter EXIT.
SQL> 
SQL> 		  data_type||'('||data_length||')'
SP2-0734: unknown command beginning "data_type|..." - rest of line ignored.
SQL> 
SQL> 		ELSE
SP2-0042: unknown command "ELSE" - rest of line ignored.
SQL> 
SQL> 		  data_type
SP2-0042: unknown command "data_type" - rest of line ignored.
SQL> 
SQL> 	      END AS data_type
SP2-0734: unknown command beginning "END AS dat..." - rest of line ignored.
SP2-0044: For a list of known commands enter HELP
and to leave enter EXIT.
SQL> 
SQL> FROM     user_tab_columns
SP2-0734: unknown command beginning "FROM     u..." - rest of line ignored.
SQL> 
SQL> WHERE    table_name = 'STREET_ADDRESS_LAB'
SP2-0734: unknown command beginning "WHERE    t..." - rest of line ignored.
SQL> 
SQL> ORDER BY 2;
SP2-0042: unknown command "ORDER BY 2" - rest of line ignored.
SQL> 
SQL> 
SQL> 
SQL> COLUMN constraint_name   FORMAT A22
SQL> 
SQL> COLUMN search_condition  FORMAT A36
SQL> 
SQL> COLUMN constraint_type   FORMAT A1
SQL> 
SQL> SELECT   uc.constraint_name
  2  
SQL> ,	      uc.search_condition
SP2-0734: unknown command beginning ",        u..." - rest of line ignored.
SQL> 
SQL> ,	      uc.constraint_type
SP2-0734: unknown command beginning ",        u..." - rest of line ignored.
SQL> 
SQL> FROM     user_constraints uc INNER JOIN user_cons_columns ucc
SP2-0734: unknown command beginning "FROM     u..." - rest of line ignored.
SQL> 
SQL> ON       uc.table_name = ucc.table_name
SP2-0734: unknown command beginning "ON       u..." - rest of line ignored.
SP2-0044: For a list of known commands enter HELP
and to leave enter EXIT.
SQL> 
SQL> AND      uc.constraint_name = ucc.constraint_name
SP2-0734: unknown command beginning "AND      u..." - rest of line ignored.
SQL> 
SQL> WHERE    uc.table_name = UPPER('street_address_lab')
SP2-0734: unknown command beginning "WHERE    u..." - rest of line ignored.
SQL> 
SQL> AND      uc.constraint_type IN (UPPER('c'),UPPER('p'))
SP2-0734: unknown command beginning "AND      u..." - rest of line ignored.
SQL> 
SQL> ORDER BY uc.constraint_type DESC
SP2-0734: unknown command beginning "ORDER BY u..." - rest of line ignored.
SP2-0044: For a list of known commands enter HELP
and to leave enter EXIT.
SQL> 
SQL> ,	      uc.constraint_name
SP2-0734: unknown command beginning ",        u..." - rest of line ignored.
SQL> 
SQL> 
SQL> 
SQL> COL constraint_source FORMAT A38 HEADING "Constraint Name:| Table.Column"
SQL> 
SQL> COL references_column FORMAT A40 HEADING "References:| Table.Column"
SQL> 
SQL> SELECT   uc.constraint_name||CHR(10)
  2  
SQL> ||      '('||ucc1.table_name||'.'||ucc1.column_name||')' constraint_source
SP2-0734: unknown command beginning "||      '(..." - rest of line ignored.
SQL> 
SQL> ,	     'REFERENCES'||CHR(10)
SP2-0734: unknown command beginning ",       'R..." - rest of line ignored.
SQL> 
SQL> ||      '('||ucc2.table_name||'.'||ucc2.column_name||')' references_column
SP2-0734: unknown command beginning "||      '(..." - rest of line ignored.
SQL> 
SQL> FROM     user_constraints uc
SP2-0734: unknown command beginning "FROM     u..." - rest of line ignored.
SP2-0044: For a list of known commands enter HELP
and to leave enter EXIT.
SQL> 
SQL> ,	      user_cons_columns ucc1
SP2-0734: unknown command beginning ",        u..." - rest of line ignored.
SQL> 
SQL> ,	      user_cons_columns ucc2
SP2-0734: unknown command beginning ",        u..." - rest of line ignored.
SQL> 
SQL> WHERE    uc.constraint_name = ucc1.constraint_name
SP2-0734: unknown command beginning "WHERE    u..." - rest of line ignored.
SQL> 
SQL> AND      uc.r_constraint_name = ucc2.constraint_name
SP2-0734: unknown command beginning "AND      u..." - rest of line ignored.
SP2-0044: For a list of known commands enter HELP
and to leave enter EXIT.
SQL> 
SQL> AND      ucc1.POSITION = ucc2.POSITION -- Correction for multiple column primary keys.
SP2-0734: unknown command beginning "AND      u..." - rest of line ignored.
SQL> 
SQL> AND      uc.constraint_type = 'R'
SP2-0734: unknown command beginning "AND      u..." - rest of line ignored.
SQL> 
SQL> AND      ucc1.table_name = UPPER('street_address_lab')
SP2-0734: unknown command beginning "AND      u..." - rest of line ignored.
SQL> 
SQL> ORDER BY ucc1.table_name
SP2-0734: unknown command beginning "ORDER BY u..." - rest of line ignored.
SP2-0044: For a list of known commands enter HELP
and to leave enter EXIT.
SQL> 
SQL> ,	      uc.constraint_name;
SP2-0734: unknown command beginning ",        u..." - rest of line ignored.
SQL> 
SQL> 
SQL> 
SQL> COLUMN sequence_name FORMAT A22 HEADING "Sequence Name"
SQL> 
SQL> SELECT   sequence_name
  2  
SQL> FROM     user_sequences
SP2-0734: unknown command beginning "FROM     u..." - rest of line ignored.
SQL> 
SQL> WHERE    sequence_name = UPPER('street_address_lab_s1');
SP2-0734: unknown command beginning "WHERE    s..." - rest of line ignored.
SQL> 
SQL> 
SQL> 
SQL> 
SQL> 
SQL> --step 7
SQL> 
SQL> SET NULL ''
SQL> 
SQL> COLUMN table_name	 FORMAT A18
SQL> 
SQL> COLUMN column_id	 FORMAT 9999
SQL> 
SQL> COLUMN column_name  FORMAT A22
SQL> 
SQL> COLUMN data_type	 FORMAT A12
SQL> 
SQL> SELECT   table_name
  2  
SQL> ,	      column_id
SP2-0734: unknown command beginning ",        c..." - rest of line ignored.
SQL> 
SQL> ,	      column_name
SP2-0734: unknown command beginning ",        c..." - rest of line ignored.
SQL> 
SQL> ,	      CASE
SP2-0734: unknown command beginning ",        C..." - rest of line ignored.
SQL> 
SQL> 		WHEN nullable = 'N' THEN 'NOT NULL'
SP2-0734: unknown command beginning "WHEN nulla..." - rest of line ignored.
SP2-0044: For a list of known commands enter HELP
and to leave enter EXIT.
SQL> 
SQL> 		ELSE ''
SP2-0042: unknown command "ELSE ''" - rest of line ignored.
SQL> 
SQL> 	      END AS nullable
SP2-0734: unknown command beginning "END AS nul..." - rest of line ignored.
SQL> 
SQL> ,	      CASE
SP2-0734: unknown command beginning ",        C..." - rest of line ignored.
SQL> 
SQL> 		WHEN data_type IN ('CHAR','VARCHAR2','NUMBER') THEN
SP2-0734: unknown command beginning "WHEN data_..." - rest of line ignored.
SP2-0044: For a list of known commands enter HELP
and to leave enter EXIT.
SQL> 
SQL> 		  data_type||'('||data_length||')'
SP2-0734: unknown command beginning "data_type|..." - rest of line ignored.
SQL> 
SQL> 		ELSE
SP2-0042: unknown command "ELSE" - rest of line ignored.
SQL> 
SQL> 		  data_type
SP2-0042: unknown command "data_type" - rest of line ignored.
SQL> 
SQL> 	      END AS data_type
SP2-0734: unknown command beginning "END AS dat..." - rest of line ignored.
SP2-0044: For a list of known commands enter HELP
and to leave enter EXIT.
SQL> 
SQL> FROM     user_tab_columns
SP2-0734: unknown command beginning "FROM     u..." - rest of line ignored.
SQL> 
SQL> WHERE    table_name = 'TELEPHONE_LAB'
SP2-0734: unknown command beginning "WHERE    t..." - rest of line ignored.
SQL> 
SQL> ORDER BY 2;
SP2-0042: unknown command "ORDER BY 2" - rest of line ignored.
SQL> 
SQL> 
SQL> 
SQL> COLUMN constraint_name   FORMAT A22
SQL> 
SQL> COLUMN search_condition  FORMAT A36
SQL> 
SQL> COLUMN constraint_type   FORMAT A1
SQL> 
SQL> SELECT   uc.constraint_name
  2  
SQL> ,	      uc.search_condition
SP2-0734: unknown command beginning ",        u..." - rest of line ignored.
SQL> 
SQL> ,	      uc.constraint_type
SP2-0734: unknown command beginning ",        u..." - rest of line ignored.
SQL> 
SQL> FROM     user_constraints uc INNER JOIN user_cons_columns ucc
SP2-0734: unknown command beginning "FROM     u..." - rest of line ignored.
SQL> 
SQL> ON       uc.table_name = ucc.table_name
SP2-0734: unknown command beginning "ON       u..." - rest of line ignored.
SP2-0044: For a list of known commands enter HELP
and to leave enter EXIT.
SQL> 
SQL> AND      uc.constraint_name = ucc.constraint_name
SP2-0734: unknown command beginning "AND      u..." - rest of line ignored.
SQL> 
SQL> WHERE    uc.table_name = UPPER('telephone_lab')
SP2-0734: unknown command beginning "WHERE    u..." - rest of line ignored.
SQL> 
SQL> AND      uc.constraint_type IN (UPPER('c'),UPPER('p'))
SP2-0734: unknown command beginning "AND      u..." - rest of line ignored.
SQL> 
SQL> ORDER BY uc.constraint_type DESC
SP2-0734: unknown command beginning "ORDER BY u..." - rest of line ignored.
SP2-0044: For a list of known commands enter HELP
and to leave enter EXIT.
SQL> 
SQL> ,	      uc.constraint_name;
SP2-0734: unknown command beginning ",        u..." - rest of line ignored.
SQL> 
SQL> 
SQL> 
SQL> COL constraint_source FORMAT A38 HEADING "Constraint Name:| Table.Column"
SQL> 
SQL> COL references_column FORMAT A40 HEADING "References:| Table.Column"
SQL> 
SQL> SELECT   uc.constraint_name||CHR(10)
  2  
SQL> ||      '('||ucc1.table_name||'.'||ucc1.column_name||')' constraint_source
SP2-0734: unknown command beginning "||      '(..." - rest of line ignored.
SQL> 
SQL> ,	     'REFERENCES'||CHR(10)
SP2-0734: unknown command beginning ",       'R..." - rest of line ignored.
SQL> 
SQL> ||      '('||ucc2.table_name||'.'||ucc2.column_name||')' references_column
SP2-0734: unknown command beginning "||      '(..." - rest of line ignored.
SQL> 
SQL> FROM     user_constraints uc
SP2-0734: unknown command beginning "FROM     u..." - rest of line ignored.
SP2-0044: For a list of known commands enter HELP
and to leave enter EXIT.
SQL> 
SQL> ,	      user_cons_columns ucc1
SP2-0734: unknown command beginning ",        u..." - rest of line ignored.
SQL> 
SQL> ,	      user_cons_columns ucc2
SP2-0734: unknown command beginning ",        u..." - rest of line ignored.
SQL> 
SQL> WHERE    uc.constraint_name = ucc1.constraint_name
SP2-0734: unknown command beginning "WHERE    u..." - rest of line ignored.
SQL> 
SQL> AND      uc.r_constraint_name = ucc2.constraint_name
SP2-0734: unknown command beginning "AND      u..." - rest of line ignored.
SP2-0044: For a list of known commands enter HELP
and to leave enter EXIT.
SQL> 
SQL> AND      ucc1.POSITION = ucc2.POSITION -- Correction for multiple column primary keys.
SP2-0734: unknown command beginning "AND      u..." - rest of line ignored.
SQL> 
SQL> AND      uc.constraint_type = 'R'
SP2-0734: unknown command beginning "AND      u..." - rest of line ignored.
SQL> 
SQL> AND      ucc1.table_name = UPPER('telephone_lab')
SP2-0734: unknown command beginning "AND      u..." - rest of line ignored.
SQL> 
SQL> ORDER BY ucc1.table_name
SP2-0734: unknown command beginning "ORDER BY u..." - rest of line ignored.
SP2-0044: For a list of known commands enter HELP
and to leave enter EXIT.
SQL> 
SQL> ,	      uc.constraint_name;
SP2-0734: unknown command beginning ",        u..." - rest of line ignored.
SQL> 
SQL> 
SQL> 
SQL> COLUMN sequence_name   FORMAT A22 HEADING "Sequence Name"
SQL> 
SQL> COLUMN column_position FORMAT 999 HEADING "Column|Position"
SQL> 
SQL> COLUMN column_name     FORMAT A22 HEADING "Column|Name"
SQL> 
SQL> SELECT   ui.index_name
  2  
SQL> ,	      uic.column_position
SP2-0734: unknown command beginning ",        u..." - rest of line ignored.
SQL> 
SQL> ,	      uic.column_name
SP2-0734: unknown command beginning ",        u..." - rest of line ignored.
SQL> 
SQL> FROM     user_indexes ui INNER JOIN user_ind_columns uic
SP2-0734: unknown command beginning "FROM     u..." - rest of line ignored.
SQL> 
SQL> ON       ui.index_name = uic.index_name
SP2-0734: unknown command beginning "ON       u..." - rest of line ignored.
SP2-0044: For a list of known commands enter HELP
and to leave enter EXIT.
SQL> 
SQL> AND      ui.table_name = uic.table_name
SP2-0734: unknown command beginning "AND      u..." - rest of line ignored.
SQL> 
SQL> WHERE    ui.table_name = UPPER('telephone_lab')
SP2-0734: unknown command beginning "WHERE    u..." - rest of line ignored.
SQL> 
SQL> AND NOT  ui.index_name IN (SELECT constraint_name
SP2-0734: unknown command beginning "AND NOT  u..." - rest of line ignored.
SQL> 
SQL> 				FROM   user_constraints)
SP2-0734: unknown command beginning "FROM   use..." - rest of line ignored.
SP2-0044: For a list of known commands enter HELP
and to leave enter EXIT.
SQL> 
SQL> ORDER BY ui.index_name
SP2-0734: unknown command beginning "ORDER BY u..." - rest of line ignored.
SQL> 
SQL> ,	      uic.column_position;
SP2-0734: unknown command beginning ",        u..." - rest of line ignored.
SQL> 
SQL> 
SQL> 
SQL> COLUMN sequence_name FORMAT A20 HEADING "Sequence Name"
SQL> 
SQL> SELECT   sequence_name
  2  
SQL> FROM     user_sequences
SP2-0734: unknown command beginning "FROM     u..." - rest of line ignored.
SQL> 
SQL> WHERE    sequence_name = UPPER('telephone_lab_s1');
SP2-0734: unknown command beginning "WHERE    s..." - rest of line ignored.
SQL> 
SQL> 
SQL> 
SQL> --step 8
SQL> 
SQL> SET NULL ''
SQL> 
SQL> COLUMN table_name	 FORMAT A18
SQL> 
SQL> COLUMN column_id	 FORMAT 9999
SQL> 
SQL> COLUMN column_name  FORMAT A22
SQL> 
SQL> COLUMN data_type	 FORMAT A12
SQL> 
SQL> SELECT   table_name
  2  
SQL> ,	      column_id
SP2-0734: unknown command beginning ",        c..." - rest of line ignored.
SQL> 
SQL> ,	      column_name
SP2-0734: unknown command beginning ",        c..." - rest of line ignored.
SQL> 
SQL> ,	      CASE
SP2-0734: unknown command beginning ",        C..." - rest of line ignored.
SQL> 
SQL> 		WHEN nullable = 'N' THEN 'NOT NULL'
SP2-0734: unknown command beginning "WHEN nulla..." - rest of line ignored.
SP2-0044: For a list of known commands enter HELP
and to leave enter EXIT.
SQL> 
SQL> 		ELSE ''
SP2-0042: unknown command "ELSE ''" - rest of line ignored.
SQL> 
SQL> 	      END AS nullable
SP2-0734: unknown command beginning "END AS nul..." - rest of line ignored.
SQL> 
SQL> ,	      CASE
SP2-0734: unknown command beginning ",        C..." - rest of line ignored.
SQL> 
SQL> 		WHEN data_type IN ('CHAR','VARCHAR2','NUMBER') THEN
SP2-0734: unknown command beginning "WHEN data_..." - rest of line ignored.
SP2-0044: For a list of known commands enter HELP
and to leave enter EXIT.
SQL> 
SQL> 		  data_type||'('||data_length||')'
SP2-0734: unknown command beginning "data_type|..." - rest of line ignored.
SQL> 
SQL> 		ELSE
SP2-0042: unknown command "ELSE" - rest of line ignored.
SQL> 
SQL> 		  data_type
SP2-0042: unknown command "data_type" - rest of line ignored.
SQL> 
SQL> 	      END AS data_type
SP2-0734: unknown command beginning "END AS dat..." - rest of line ignored.
SP2-0044: For a list of known commands enter HELP
and to leave enter EXIT.
SQL> 
SQL> FROM     user_tab_columns
SP2-0734: unknown command beginning "FROM     u..." - rest of line ignored.
SQL> 
SQL> WHERE    table_name = UPPER('rental_lab')
SP2-0734: unknown command beginning "WHERE    t..." - rest of line ignored.
SQL> 
SQL> ORDER BY 2;
SP2-0042: unknown command "ORDER BY 2" - rest of line ignored.
SQL> 
SQL> 
SQL> 
SQL> COLUMN constraint_name   FORMAT A22
SQL> 
SQL> COLUMN search_condition  FORMAT A36
SQL> 
SQL> COLUMN constraint_type   FORMAT A1
SQL> 
SQL> SELECT   uc.constraint_name
  2  
SQL> ,	      uc.search_condition
SP2-0734: unknown command beginning ",        u..." - rest of line ignored.
SQL> 
SQL> ,	      uc.constraint_type
SP2-0734: unknown command beginning ",        u..." - rest of line ignored.
SQL> 
SQL> FROM     user_constraints uc INNER JOIN user_cons_columns ucc
SP2-0734: unknown command beginning "FROM     u..." - rest of line ignored.
SQL> 
SQL> ON       uc.table_name = ucc.table_name
SP2-0734: unknown command beginning "ON       u..." - rest of line ignored.
SP2-0044: For a list of known commands enter HELP
and to leave enter EXIT.
SQL> 
SQL> AND      uc.constraint_name = ucc.constraint_name
SP2-0734: unknown command beginning "AND      u..." - rest of line ignored.
SQL> 
SQL> WHERE    uc.table_name = UPPER('rental_lab')
SP2-0734: unknown command beginning "WHERE    u..." - rest of line ignored.
SQL> 
SQL> AND      uc.constraint_type IN (UPPER('c'),UPPER('p'))
SP2-0734: unknown command beginning "AND      u..." - rest of line ignored.
SQL> 
SQL> ORDER BY uc.constraint_type DESC
SP2-0734: unknown command beginning "ORDER BY u..." - rest of line ignored.
SP2-0044: For a list of known commands enter HELP
and to leave enter EXIT.
SQL> 
SQL> ,	      uc.constraint_name;
SP2-0734: unknown command beginning ",        u..." - rest of line ignored.
SQL> 
SQL> 
SQL> 
SQL> COL constraint_source FORMAT A38 HEADING "Constraint Name:| Table.Column"
SQL> 
SQL> COL references_column FORMAT A40 HEADING "References:| Table.Column"
SQL> 
SQL> SELECT   uc.constraint_name||CHR(10)
  2  
SQL> ||      '('||ucc1.table_name||'.'||ucc1.column_name||')' constraint_source
SP2-0734: unknown command beginning "||      '(..." - rest of line ignored.
SQL> 
SQL> ,	     'REFERENCES'||CHR(10)
SP2-0734: unknown command beginning ",       'R..." - rest of line ignored.
SQL> 
SQL> ||      '('||ucc2.table_name||'.'||ucc2.column_name||')' references_column
SP2-0734: unknown command beginning "||      '(..." - rest of line ignored.
SQL> 
SQL> FROM     user_constraints uc
SP2-0734: unknown command beginning "FROM     u..." - rest of line ignored.
SP2-0044: For a list of known commands enter HELP
and to leave enter EXIT.
SQL> 
SQL> ,	      user_cons_columns ucc1
SP2-0734: unknown command beginning ",        u..." - rest of line ignored.
SQL> 
SQL> ,	      user_cons_columns ucc2
SP2-0734: unknown command beginning ",        u..." - rest of line ignored.
SQL> 
SQL> WHERE    uc.constraint_name = ucc1.constraint_name
SP2-0734: unknown command beginning "WHERE    u..." - rest of line ignored.
SQL> 
SQL> AND      uc.r_constraint_name = ucc2.constraint_name
SP2-0734: unknown command beginning "AND      u..." - rest of line ignored.
SP2-0044: For a list of known commands enter HELP
and to leave enter EXIT.
SQL> 
SQL> AND      ucc1.POSITION = ucc2.POSITION -- Correction for multiple column primary keys.
SP2-0734: unknown command beginning "AND      u..." - rest of line ignored.
SQL> 
SQL> AND      uc.constraint_type = 'R'
SP2-0734: unknown command beginning "AND      u..." - rest of line ignored.
SQL> 
SQL> AND      ucc1.table_name = UPPER('rental_lab')
SP2-0734: unknown command beginning "AND      u..." - rest of line ignored.
SQL> 
SQL> ORDER BY ucc1.table_name
SP2-0734: unknown command beginning "ORDER BY u..." - rest of line ignored.
SP2-0044: For a list of known commands enter HELP
and to leave enter EXIT.
SQL> 
SQL> ,	      uc.constraint_name;
SP2-0734: unknown command beginning ",        u..." - rest of line ignored.
SQL> 
SQL> 
SQL> 
SQL> COLUMN sequence_name FORMAT A20 HEADING "Sequence Name"
SQL> 
SQL> SELECT   sequence_name
  2  
SQL> FROM     user_sequences
SP2-0734: unknown command beginning "FROM     u..." - rest of line ignored.
SQL> 
SQL> WHERE    sequence_name = UPPER('rental_lab_s1');
SP2-0734: unknown command beginning "WHERE    s..." - rest of line ignored.
SQL> 
SQL> 
SQL> 
SQL> --step 9
SQL> 
SQL> SET NULL ''
SQL> 
SQL> COLUMN table_name	 FORMAT A18
SQL> 
SQL> COLUMN column_id	 FORMAT 9999
SQL> 
SQL> COLUMN column_name  FORMAT A22
SQL> 
SQL> COLUMN data_type	 FORMAT A12
SQL> 
SQL> SELECT   table_name
  2  
SQL> ,	      column_id
SP2-0734: unknown command beginning ",        c..." - rest of line ignored.
SQL> 
SQL> ,	      column_name
SP2-0734: unknown command beginning ",        c..." - rest of line ignored.
SQL> 
SQL> ,	      CASE
SP2-0734: unknown command beginning ",        C..." - rest of line ignored.
SQL> 
SQL> 		WHEN nullable = 'N' THEN 'NOT NULL'
SP2-0734: unknown command beginning "WHEN nulla..." - rest of line ignored.
SP2-0044: For a list of known commands enter HELP
and to leave enter EXIT.
SQL> 
SQL> 		ELSE ''
SP2-0042: unknown command "ELSE ''" - rest of line ignored.
SQL> 
SQL> 	      END AS nullable
SP2-0734: unknown command beginning "END AS nul..." - rest of line ignored.
SQL> 
SQL> ,	      CASE
SP2-0734: unknown command beginning ",        C..." - rest of line ignored.
SQL> 
SQL> 		WHEN data_type IN ('CHAR','VARCHAR2','NUMBER') THEN
SP2-0734: unknown command beginning "WHEN data_..." - rest of line ignored.
SP2-0044: For a list of known commands enter HELP
and to leave enter EXIT.
SQL> 
SQL> 		  data_type||'('||data_length||')'
SP2-0734: unknown command beginning "data_type|..." - rest of line ignored.
SQL> 
SQL> 		ELSE
SP2-0042: unknown command "ELSE" - rest of line ignored.
SQL> 
SQL> 		  data_type
SP2-0042: unknown command "data_type" - rest of line ignored.
SQL> 
SQL> 	      END AS data_type
SP2-0734: unknown command beginning "END AS dat..." - rest of line ignored.
SP2-0044: For a list of known commands enter HELP
and to leave enter EXIT.
SQL> 
SQL> FROM     user_tab_columns
SP2-0734: unknown command beginning "FROM     u..." - rest of line ignored.
SQL> 
SQL> WHERE    table_name = 'ITEM_LAB'
SP2-0734: unknown command beginning "WHERE    t..." - rest of line ignored.
SQL> 
SQL> ORDER BY 2;
SP2-0042: unknown command "ORDER BY 2" - rest of line ignored.
SQL> 
SQL> 
SQL> 
SQL> COLUMN constraint_name   FORMAT A22
SQL> 
SQL> COLUMN search_condition  FORMAT A36
SQL> 
SQL> COLUMN constraint_type   FORMAT A1
SQL> 
SQL> SELECT   uc.constraint_name
  2  
SQL> ,	      uc.search_condition
SP2-0734: unknown command beginning ",        u..." - rest of line ignored.
SQL> 
SQL> ,	      uc.constraint_type
SP2-0734: unknown command beginning ",        u..." - rest of line ignored.
SQL> 
SQL> FROM     user_constraints uc INNER JOIN user_cons_columns ucc
SP2-0734: unknown command beginning "FROM     u..." - rest of line ignored.
SQL> 
SQL> ON       uc.table_name = ucc.table_name
SP2-0734: unknown command beginning "ON       u..." - rest of line ignored.
SP2-0044: For a list of known commands enter HELP
and to leave enter EXIT.
SQL> 
SQL> AND      uc.constraint_name = ucc.constraint_name
SP2-0734: unknown command beginning "AND      u..." - rest of line ignored.
SQL> 
SQL> WHERE    uc.table_name = UPPER('item_lab')
SP2-0734: unknown command beginning "WHERE    u..." - rest of line ignored.
SQL> 
SQL> AND      uc.constraint_type IN (UPPER('c'),UPPER('p'))
SP2-0734: unknown command beginning "AND      u..." - rest of line ignored.
SQL> 
SQL> ORDER BY uc.constraint_type DESC
SP2-0734: unknown command beginning "ORDER BY u..." - rest of line ignored.
SP2-0044: For a list of known commands enter HELP
and to leave enter EXIT.
SQL> 
SQL> ,	      uc.constraint_name;
SP2-0734: unknown command beginning ",        u..." - rest of line ignored.
SQL> 
SQL> 
SQL> 
SQL> COL constraint_source FORMAT A38 HEADING "Constraint Name:| Table.Column"
SQL> 
SQL> COL references_column FORMAT A38 HEADING "References:| Table.Column"
SQL> 
SQL> SELECT   uc.constraint_name||CHR(10)
  2  
SQL> ||      '('||ucc1.table_name||'.'||ucc1.column_name||')' constraint_source
SP2-0734: unknown command beginning "||      '(..." - rest of line ignored.
SQL> 
SQL> ,	     'REFERENCES'||CHR(10)
SP2-0734: unknown command beginning ",       'R..." - rest of line ignored.
SQL> 
SQL> ||      '('||ucc2.table_name||'.'||ucc2.column_name||')' references_column
SP2-0734: unknown command beginning "||      '(..." - rest of line ignored.
SQL> 
SQL> FROM     user_constraints uc
SP2-0734: unknown command beginning "FROM     u..." - rest of line ignored.
SP2-0044: For a list of known commands enter HELP
and to leave enter EXIT.
SQL> 
SQL> ,	      user_cons_columns ucc1
SP2-0734: unknown command beginning ",        u..." - rest of line ignored.
SQL> 
SQL> ,	      user_cons_columns ucc2
SP2-0734: unknown command beginning ",        u..." - rest of line ignored.
SQL> 
SQL> WHERE    uc.constraint_name = ucc1.constraint_name
SP2-0734: unknown command beginning "WHERE    u..." - rest of line ignored.
SQL> 
SQL> AND      uc.r_constraint_name = ucc2.constraint_name
SP2-0734: unknown command beginning "AND      u..." - rest of line ignored.
SP2-0044: For a list of known commands enter HELP
and to leave enter EXIT.
SQL> 
SQL> AND      ucc1.POSITION = ucc2.POSITION -- Correction for multiple column primary keys.
SP2-0734: unknown command beginning "AND      u..." - rest of line ignored.
SQL> 
SQL> AND      uc.constraint_type = 'R'
SP2-0734: unknown command beginning "AND      u..." - rest of line ignored.
SQL> 
SQL> AND      ucc1.table_name = UPPER('item_lab')
SP2-0734: unknown command beginning "AND      u..." - rest of line ignored.
SQL> 
SQL> ORDER BY ucc1.table_name
SP2-0734: unknown command beginning "ORDER BY u..." - rest of line ignored.
SP2-0044: For a list of known commands enter HELP
and to leave enter EXIT.
SQL> 
SQL> ,	      uc.constraint_name;
SP2-0734: unknown command beginning ",        u..." - rest of line ignored.
SQL> 
SQL> 
SQL> 
SQL> COLUMN sequence_name FORMAT A20 HEADING "Sequence Name"
SQL> 
SQL> SELECT   sequence_name
  2  
SQL> FROM     user_sequences
SP2-0734: unknown command beginning "FROM     u..." - rest of line ignored.
SQL> 
SQL> WHERE    sequence_name = UPPER('item_lab_s1');
SP2-0734: unknown command beginning "WHERE    s..." - rest of line ignored.
SQL> 
SQL> 
SQL> 
SQL> --step 10
SQL> 
SQL> 
SQL> 
SQL> SET NULL ''
SQL> 
SQL> COLUMN table_name	 FORMAT A18
SQL> 
SQL> COLUMN column_id	 FORMAT 9999
SQL> 
SQL> COLUMN column_name  FORMAT A22
SQL> 
SQL> COLUMN data_type	 FORMAT A12
SQL> 
SQL> SELECT   table_name
  2  
SQL> ,	      column_id
SP2-0734: unknown command beginning ",        c..." - rest of line ignored.
SQL> 
SQL> ,	      column_name
SP2-0734: unknown command beginning ",        c..." - rest of line ignored.
SQL> 
SQL> ,	      CASE
SP2-0734: unknown command beginning ",        C..." - rest of line ignored.
SQL> 
SQL> 		WHEN nullable = 'N' THEN 'NOT NULL'
SP2-0734: unknown command beginning "WHEN nulla..." - rest of line ignored.
SP2-0044: For a list of known commands enter HELP
and to leave enter EXIT.
SQL> 
SQL> 		ELSE ''
SP2-0042: unknown command "ELSE ''" - rest of line ignored.
SQL> 
SQL> 	      END AS nullable
SP2-0734: unknown command beginning "END AS nul..." - rest of line ignored.
SQL> 
SQL> ,	      CASE
SP2-0734: unknown command beginning ",        C..." - rest of line ignored.
SQL> 
SQL> 		WHEN data_type IN ('CHAR','VARCHAR2','NUMBER') THEN
SP2-0734: unknown command beginning "WHEN data_..." - rest of line ignored.
SP2-0044: For a list of known commands enter HELP
and to leave enter EXIT.
SQL> 
SQL> 		  data_type||'('||data_length||')'
SP2-0734: unknown command beginning "data_type|..." - rest of line ignored.
SQL> 
SQL> 		ELSE
SP2-0042: unknown command "ELSE" - rest of line ignored.
SQL> 
SQL> 		  data_type
SP2-0042: unknown command "data_type" - rest of line ignored.
SQL> 
SQL> 	      END AS data_type
SP2-0734: unknown command beginning "END AS dat..." - rest of line ignored.
SP2-0044: For a list of known commands enter HELP
and to leave enter EXIT.
SQL> 
SQL> FROM     user_tab_columns
SP2-0734: unknown command beginning "FROM     u..." - rest of line ignored.
SQL> 
SQL> WHERE    table_name = UPPER('rental_item_lab')
SP2-0734: unknown command beginning "WHERE    t..." - rest of line ignored.
SQL> 
SQL> ORDER BY 2;
SP2-0042: unknown command "ORDER BY 2" - rest of line ignored.
SQL> 
SQL> 
SQL> 
SQL> COLUMN constraint_name   FORMAT A22
SQL> 
SQL> COLUMN search_condition  FORMAT A36
SQL> 
SQL> COLUMN constraint_type   FORMAT A1
SQL> 
SQL> SELECT   uc.constraint_name
  2  
SQL> ,	      uc.search_condition
SP2-0734: unknown command beginning ",        u..." - rest of line ignored.
SQL> 
SQL> ,	      uc.constraint_type
SP2-0734: unknown command beginning ",        u..." - rest of line ignored.
SQL> 
SQL> FROM     user_constraints uc INNER JOIN user_cons_columns ucc
SP2-0734: unknown command beginning "FROM     u..." - rest of line ignored.
SQL> 
SQL> ON       uc.table_name = ucc.table_name
SP2-0734: unknown command beginning "ON       u..." - rest of line ignored.
SP2-0044: For a list of known commands enter HELP
and to leave enter EXIT.
SQL> 
SQL> AND      uc.constraint_name = ucc.constraint_name
SP2-0734: unknown command beginning "AND      u..." - rest of line ignored.
SQL> 
SQL> WHERE    uc.table_name = UPPER('rental_item_lab')
SP2-0734: unknown command beginning "WHERE    u..." - rest of line ignored.
SQL> 
SQL> AND      uc.constraint_type IN (UPPER('c'),UPPER('p'))
SP2-0734: unknown command beginning "AND      u..." - rest of line ignored.
SQL> 
SQL> ORDER BY uc.constraint_type DESC
SP2-0734: unknown command beginning "ORDER BY u..." - rest of line ignored.
SP2-0044: For a list of known commands enter HELP
and to leave enter EXIT.
SQL> 
SQL> ,	      uc.constraint_name;
SP2-0734: unknown command beginning ",        u..." - rest of line ignored.
SQL> 
SQL> 
SQL> 
SQL> 
SQL> 
SQL> COL constraint_source FORMAT A38 HEADING "Constraint Name:| Table.Column"
SQL> 
SQL> COL references_column FORMAT A40 HEADING "References:| Table.Column"
SQL> 
SQL> SELECT   uc.constraint_name||CHR(10)
  2  
SQL> ||      '('||ucc1.table_name||'.'||ucc1.column_name||')' constraint_source
SP2-0734: unknown command beginning "||      '(..." - rest of line ignored.
SQL> 
SQL> ,	     'REFERENCES'||CHR(10)
SP2-0734: unknown command beginning ",       'R..." - rest of line ignored.
SQL> 
SQL> ||      '('||ucc2.table_name||'.'||ucc2.column_name||')' references_column
SP2-0734: unknown command beginning "||      '(..." - rest of line ignored.
SQL> 
SQL> FROM     user_constraints uc
SP2-0734: unknown command beginning "FROM     u..." - rest of line ignored.
SP2-0044: For a list of known commands enter HELP
and to leave enter EXIT.
SQL> 
SQL> ,	      user_cons_columns ucc1
SP2-0734: unknown command beginning ",        u..." - rest of line ignored.
SQL> 
SQL> ,	      user_cons_columns ucc2
SP2-0734: unknown command beginning ",        u..." - rest of line ignored.
SQL> 
SQL> WHERE    uc.constraint_name = ucc1.constraint_name
SP2-0734: unknown command beginning "WHERE    u..." - rest of line ignored.
SQL> 
SQL> AND      uc.r_constraint_name = ucc2.constraint_name
SP2-0734: unknown command beginning "AND      u..." - rest of line ignored.
SP2-0044: For a list of known commands enter HELP
and to leave enter EXIT.
SQL> 
SQL> AND      ucc1.POSITION = ucc2.POSITION -- Correction for multiple column primary keys.
SP2-0734: unknown command beginning "AND      u..." - rest of line ignored.
SQL> 
SQL> AND      uc.constraint_type = 'R'
SP2-0734: unknown command beginning "AND      u..." - rest of line ignored.
SQL> 
SQL> AND      ucc1.table_name = UPPER('rental_item_lab')
SP2-0734: unknown command beginning "AND      u..." - rest of line ignored.
SQL> 
SQL> ORDER BY ucc1.table_name
SP2-0734: unknown command beginning "ORDER BY u..." - rest of line ignored.
SP2-0044: For a list of known commands enter HELP
and to leave enter EXIT.
SQL> 
SQL> ,	      uc.constraint_name;
SP2-0734: unknown command beginning ",        u..." - rest of line ignored.
SQL> 
SQL> 
SQL> 
SQL> COLUMN sequence_name FORMAT A20 HEADING "Sequence Name"
SQL> 
SQL> SELECT   sequence_name
  2  
SQL> FROM     user_sequences
SP2-0734: unknown command beginning "FROM     u..." - rest of line ignored.
SQL> 
SQL> WHERE    sequence_name = UPPER('rental_item_lab_s1');
SP2-0734: unknown command beginning "WHERE    s..." - rest of line ignored.
SQL> 
SQL> 
SQL> 
SQL> --step 11
SQL> 
SQL> 
SQL> 
SQL> COLUMN table_name_base FORMAT A30 HEADING "Base Tables"
SQL> 
SQL> COLUMN table_name_lab  FORMAT A30 HEADING "Lab Tables"
SQL> 
SQL> SELECT   a.table_name_base
  2  
SQL> ,	      b.table_name_lab
SP2-0734: unknown command beginning ",        b..." - rest of line ignored.
SQL> 
SQL> FROM    (SELECT   table_name AS table_name_base
SP2-0734: unknown command beginning "FROM    (S..." - rest of line ignored.
SQL> 
SQL> 	      FROM     user_tables
SP2-0734: unknown command beginning "FROM     u..." - rest of line ignored.
SQL> 
SQL> 	      WHERE    table_name IN ('SYSTEM_USER'
SP2-0734: unknown command beginning "WHERE    t..." - rest of line ignored.
SP2-0044: For a list of known commands enter HELP
and to leave enter EXIT.
SQL> 
SQL> 				     ,'COMMON_LOOKUP'
SP2-0734: unknown command beginning ",'COMMON_L..." - rest of line ignored.
SQL> 
SQL> 				     ,'MEMBER'
SP2-0042: unknown command ",'MEMBER'" - rest of line ignored.
SQL> 
SQL> 				     ,'CONTACT'
SP2-0042: unknown command ",'CONTACT'" - rest of line ignored.
SQL> 
SQL> 				     ,'ADDRESS'
SP2-0042: unknown command ",'ADDRESS'" - rest of line ignored.
SP2-0044: For a list of known commands enter HELP
and to leave enter EXIT.
SQL> 
SQL> 				     ,'STREET_ADDRESS'
SP2-0734: unknown command beginning ",'STREET_A..." - rest of line ignored.
SQL> 
SQL> 				     ,'TELEPHONE'
SP2-0734: unknown command beginning ",'TELEPHON..." - rest of line ignored.
SQL> 
SQL> 				     ,'ITEM'
SP2-0042: unknown command ",'ITEM'" - rest of line ignored.
SQL> 
SQL> 				     ,'RENTAL'
SP2-0042: unknown command ",'RENTAL'" - rest of line ignored.
SP2-0044: For a list of known commands enter HELP
and to leave enter EXIT.
SQL> 
SQL> 				     ,'RENTAL_ITEM')) a INNER JOIN
SP2-0734: unknown command beginning ",'RENTAL_I..." - rest of line ignored.
SQL> 
SQL> 	     (SELECT   table_name AS table_name_lab
  2  
SQL> 	      FROM     user_tables
SP2-0734: unknown command beginning "FROM     u..." - rest of line ignored.
SQL> 
SQL> 	      WHERE    table_name IN ('SYSTEM_USER_LAB'
SP2-0734: unknown command beginning "WHERE    t..." - rest of line ignored.
SQL> 
SQL> 				     ,'COMMON_LOOKUP_LAB'
SP2-0734: unknown command beginning ",'COMMON_L..." - rest of line ignored.
SQL> 
SQL> 				     ,'MEMBER_LAB'
SP2-0734: unknown command beginning ",'MEMBER_L..." - rest of line ignored.
SP2-0044: For a list of known commands enter HELP
and to leave enter EXIT.
SQL> 
SQL> 				     ,'CONTACT_LAB'
SP2-0734: unknown command beginning ",'CONTACT_..." - rest of line ignored.
SQL> 
SQL> 				     ,'ADDRESS_LAB'
SP2-0734: unknown command beginning ",'ADDRESS_..." - rest of line ignored.
SQL> 
SQL> 				     ,'STREET_ADDRESS_LAB'
SP2-0734: unknown command beginning ",'STREET_A..." - rest of line ignored.
SQL> 
SQL> 				     ,'TELEPHONE_LAB'
SP2-0734: unknown command beginning ",'TELEPHON..." - rest of line ignored.
SP2-0044: For a list of known commands enter HELP
and to leave enter EXIT.
SQL> 
SQL> 				     ,'ITEM_LAB'
SP2-0734: unknown command beginning ",'ITEM_LAB..." - rest of line ignored.
SQL> 
SQL> 				     ,'RENTAL_LAB'
SP2-0734: unknown command beginning ",'RENTAL_L..." - rest of line ignored.
SQL> 
SQL> 				     ,'RENTAL_ITEM_LAB')) b
SP2-0734: unknown command beginning ",'RENTAL_I..." - rest of line ignored.
SQL> 
SQL> ON       a.table_name_base = SUBSTR( b.table_name_lab, 1, REGEXP_INSTR(table_name_lab,'_LAB') - 1)
SP2-0734: unknown command beginning "ON       a..." - rest of line ignored.
SP2-0044: For a list of known commands enter HELP
and to leave enter EXIT.
SQL> 
SQL> ORDER BY CASE
SP2-0734: unknown command beginning "ORDER BY C..." - rest of line ignored.
SQL> 
SQL> 		WHEN table_name_base LIKE 'SYSTEM_USER%' THEN 0
SP2-0734: unknown command beginning "WHEN table..." - rest of line ignored.
SQL> 
SQL> 		WHEN table_name_base LIKE 'COMMON_LOOKUP%' THEN 1
SP2-0734: unknown command beginning "WHEN table..." - rest of line ignored.
SQL> 
SQL> 		WHEN table_name_base LIKE 'MEMBER%' THEN 2
SP2-0734: unknown command beginning "WHEN table..." - rest of line ignored.
SP2-0044: For a list of known commands enter HELP
and to leave enter EXIT.
SQL> 
SQL> 		WHEN table_name_base LIKE 'CONTACT%' THEN 3
SP2-0734: unknown command beginning "WHEN table..." - rest of line ignored.
SQL> 
SQL> 		WHEN table_name_base LIKE 'ADDRESS%' THEN 4
SP2-0734: unknown command beginning "WHEN table..." - rest of line ignored.
SQL> 
SQL> 		WHEN table_name_base LIKE 'STREET_ADDRESS%' THEN 5
SP2-0734: unknown command beginning "WHEN table..." - rest of line ignored.
SQL> 
SQL> 		WHEN table_name_base LIKE 'TELEPHONE%' THEN 6
SP2-0734: unknown command beginning "WHEN table..." - rest of line ignored.
SP2-0044: For a list of known commands enter HELP
and to leave enter EXIT.
SQL> 
SQL> 		WHEN table_name_base LIKE 'ITEM%' THEN 7
SP2-0734: unknown command beginning "WHEN table..." - rest of line ignored.
SQL> 
SQL> 		WHEN table_name_base LIKE 'RENTAL%' AND NOT table_name_base LIKE 'RENTAL_ITEM%' THEN 8
SP2-0734: unknown command beginning "WHEN table..." - rest of line ignored.
SQL> 
SQL> 		WHEN table_name_base LIKE 'RENTAL_ITEM%' THEN 9
SP2-0734: unknown command beginning "WHEN table..." - rest of line ignored.
SQL> 
SQL> 	      END;
SP2-0042: unknown command "END" - rest of line ignored.
SP2-0044: For a list of known commands enter HELP
and to leave enter EXIT.
SQL> 
SQL> 
SQL> 
SQL> COLUMN sequence_name_base FORMAT A30 HEADING "Base Sequences"
SQL> 
SQL> COLUMN sequence_name_lab  FORMAT A30 HEADING "Lab Sequences"
SQL> 
SQL> SELECT   a.sequence_name_base
  2  
SQL> ,	      b.sequence_name_lab
SP2-0734: unknown command beginning ",        b..." - rest of line ignored.
SQL> 
SQL> FROM    (SELECT   sequence_name AS sequence_name_base
SP2-0734: unknown command beginning "FROM    (S..." - rest of line ignored.
SQL> 
SQL> 	      FROM     user_sequences
SP2-0734: unknown command beginning "FROM     u..." - rest of line ignored.
SQL> 
SQL> 	      WHERE    sequence_name IN ('SYSTEM_USER_S1'
SP2-0734: unknown command beginning "WHERE    s..." - rest of line ignored.
SP2-0044: For a list of known commands enter HELP
and to leave enter EXIT.
SQL> 
SQL> 					,'COMMON_LOOKUP_S1'
SP2-0734: unknown command beginning ",'COMMON_L..." - rest of line ignored.
SQL> 
SQL> 					,'MEMBER_S1'
SP2-0734: unknown command beginning ",'MEMBER_S..." - rest of line ignored.
SQL> 
SQL> 					,'CONTACT_S1'
SP2-0734: unknown command beginning ",'CONTACT_..." - rest of line ignored.
SQL> 
SQL> 					,'ADDRESS_S1'
SP2-0734: unknown command beginning ",'ADDRESS_..." - rest of line ignored.
SP2-0044: For a list of known commands enter HELP
and to leave enter EXIT.
SQL> 
SQL> 					,'STREET_ADDRESS_S1'
SP2-0734: unknown command beginning ",'STREET_A..." - rest of line ignored.
SQL> 
SQL> 					,'TELEPHONE_S1'
SP2-0734: unknown command beginning ",'TELEPHON..." - rest of line ignored.
SQL> 
SQL> 					,'ITEM_S1'
SP2-0042: unknown command ",'ITEM_S1'" - rest of line ignored.
SQL> 
SQL> 					,'RENTAL_S1'
SP2-0734: unknown command beginning ",'RENTAL_S..." - rest of line ignored.
SP2-0044: For a list of known commands enter HELP
and to leave enter EXIT.
SQL> 
SQL> 					,'RENTAL_ITEM_S1')) a INNER JOIN
SP2-0734: unknown command beginning ",'RENTAL_I..." - rest of line ignored.
SQL> 
SQL> 	     (SELECT   sequence_name AS sequence_name_lab
  2  
SQL> 	      FROM     user_sequences
SP2-0734: unknown command beginning "FROM     u..." - rest of line ignored.
SQL> 
SQL> 	      WHERE    sequence_name IN ('SYSTEM_USER_LAB_S1'
SP2-0734: unknown command beginning "WHERE    s..." - rest of line ignored.
SQL> 
SQL> 					,'COMMON_LOOKUP_LAB_S1'
SP2-0734: unknown command beginning ",'COMMON_L..." - rest of line ignored.
SQL> 
SQL> 					,'MEMBER_LAB_S1'
SP2-0734: unknown command beginning ",'MEMBER_L..." - rest of line ignored.
SP2-0044: For a list of known commands enter HELP
and to leave enter EXIT.
SQL> 
SQL> 					,'CONTACT_LAB_S1'
SP2-0734: unknown command beginning ",'CONTACT_..." - rest of line ignored.
SQL> 
SQL> 					,'ADDRESS_LAB_S1'
SP2-0734: unknown command beginning ",'ADDRESS_..." - rest of line ignored.
SQL> 
SQL> 					,'STREET_ADDRESS_LAB_S1'
SP2-0734: unknown command beginning ",'STREET_A..." - rest of line ignored.
SQL> 
SQL> 					,'TELEPHONE_LAB_S1'
SP2-0734: unknown command beginning ",'TELEPHON..." - rest of line ignored.
SP2-0044: For a list of known commands enter HELP
and to leave enter EXIT.
SQL> 
SQL> 					,'ITEM_LAB_S1'
SP2-0734: unknown command beginning ",'ITEM_LAB..." - rest of line ignored.
SQL> 
SQL> 					,'RENTAL_LAB_S1'
SP2-0734: unknown command beginning ",'RENTAL_L..." - rest of line ignored.
SQL> 
SQL> 					,'RENTAL_ITEM_LAB_S1')) b
SP2-0734: unknown command beginning ",'RENTAL_I..." - rest of line ignored.
SQL> 
SQL> ON       SUBSTR(a.sequence_name_base, 1, REGEXP_INSTR(a.sequence_name_base,'_S1') - 1) =
SP2-0734: unknown command beginning "ON       S..." - rest of line ignored.
SP2-0044: For a list of known commands enter HELP
and to leave enter EXIT.
SQL> 
SQL> 		SUBSTR( b.sequence_name_lab, 1, REGEXP_INSTR(b.sequence_name_lab,'_LAB_S1') - 1)
SP2-0734: unknown command beginning "SUBSTR( b...." - rest of line ignored.
SQL> 
SQL> ORDER BY CASE
SP2-0734: unknown command beginning "ORDER BY C..." - rest of line ignored.
SQL> 
SQL> 		WHEN sequence_name_base LIKE 'SYSTEM_USER%' THEN 0
SP2-0734: unknown command beginning "WHEN seque..." - rest of line ignored.
SQL> 
SQL> 		WHEN sequence_name_base LIKE 'COMMON_LOOKUP%' THEN 1
SP2-0734: unknown command beginning "WHEN seque..." - rest of line ignored.
SP2-0044: For a list of known commands enter HELP
and to leave enter EXIT.
SQL> 
SQL> 		WHEN sequence_name_base LIKE 'MEMBER%' THEN 2
SP2-0734: unknown command beginning "WHEN seque..." - rest of line ignored.
SQL> 
SQL> 		WHEN sequence_name_base LIKE 'CONTACT%' THEN 3
SP2-0734: unknown command beginning "WHEN seque..." - rest of line ignored.
SQL> 
SQL> 		WHEN sequence_name_base LIKE 'ADDRESS%' THEN 4
SP2-0734: unknown command beginning "WHEN seque..." - rest of line ignored.
SQL> 
SQL> 		WHEN sequence_name_base LIKE 'STREET_ADDRESS%' THEN 5
SP2-0734: unknown command beginning "WHEN seque..." - rest of line ignored.
SP2-0044: For a list of known commands enter HELP
and to leave enter EXIT.
SQL> 
SQL> 		WHEN sequence_name_base LIKE 'TELEPHONE%' THEN 6
SP2-0734: unknown command beginning "WHEN seque..." - rest of line ignored.
SQL> 
SQL> 		WHEN sequence_name_base LIKE 'ITEM%' THEN 7
SP2-0734: unknown command beginning "WHEN seque..." - rest of line ignored.
SQL> 
SQL> 		WHEN sequence_name_base LIKE 'RENTAL%' AND NOT sequence_name_base LIKE 'RENTAL_ITEM%' THEN 8
SP2-0734: unknown command beginning "WHEN seque..." - rest of line ignored.
SQL> 
SQL> 		WHEN sequence_name_base LIKE 'RENTAL_ITEM%' THEN 9
SP2-0734: unknown command beginning "WHEN seque..." - rest of line ignored.
SP2-0044: For a list of known commands enter HELP
and to leave enter EXIT.
SQL> 
SQL> 	      END;
SP2-0042: unknown command "END" - rest of line ignored.
SQL> 
SQL> 
SQL> 
SQL> 
SQL> 
SQL> 
SQL> 
SQL> 
SQL> -- Close log file
SQL> SPOOL OFF
